
Analysis Description
--------------------
BUSTED (branch-site unrestricted statistical test of episodic
diversification) uses a random effects branch-site model fitted jointly
to all or a subset of tree branches in order to test for alignment-wide
evidence of episodic diversifying selection. Assuming there is evidence
of positive selection (i.e. there is an omega > 1), BUSTED will also
perform a quick evidence-ratio style analysis to explore which
individual sites may have been subject to selection. Version 2.0 adds
support for synonymous rate variation, and relaxes the test statistic to
0.5 (chi^2_0 + chi^2_2). Version 2.1 adds a grid search for the initial
starting point. Version 2.2 changes the grid search to LHC, and adds an
initial search phase to use adaptive Nedler-Mead. Version 3.0 implements
the option for branch-site variation in synonymous substitution rates.
Version 3.1 adds HMM auto-correlation option for SRV, and binds SRV
distributions for multiple branch sets. Version 4.0 adds support for
multiple hits (MH), ancestral state reconstruction saved to JSON, and
profiling of branch-site level support for selection / multiple hits.
Version 4.2 adds calculation of MH-attributable fractions of
substitutions. Version 4.5 adds an 'error absorption' component. Version
4.6 adds support for MSS-type models. Version 4.7 adds user configurable
options for the error class. 

- __Requirements__: in-frame codon alignment and a phylogenetic tree (optionally annotated
with {})

- __Citation__: *Gene-wide identification of episodic selection*, Mol Biol Evol.
32(5):1365-71, *Synonymous Site-to-Site Substitution Rate Variation
Dramatically Inflates False Positive Rates of Selection Analyses: Ignore
at Your Own Peril*, Mol Biol Evol. 37(8):2430-2439

- __Written by__: Sergei L Kosakovsky Pond

- __Contact Information__: spond@temple.edu

- __Analysis Version__: 4.7


>code => Universal

-------
>[WARNING]
'/Users/saramattiolo/tesi_melatonina/alignment_prank/MTNR1A_prank.best.fas'
contains 10 duplicate sequences. Identical sequences do not contribute
any information to the analysis and only slow down computation. Please
consider removing duplicate or 'nearly' duplicate sequences, e.g. using
https://github.com/veg/hyphy-analyses/tree/master/remove-duplicates
prior to running selection analyses
-------
/Users/saramattiolo/tesi_melatonina/hyphy/MTNR1A_tree_busted.nwk
/Users/saramattiolo/tesi_melatonina/hyphy/MTNR1A_tree_busted.nwk

>Loaded a multiple sequence alignment with **550** sequences, **3633** codons, and **1** partitions from `/Users/saramattiolo/tesi_melatonina/alignment_prank/MTNR1A_prank.best.fas`

>branches => All

>srv => Yes
The number omega rate classes to include in the model (permissible range = [1,10], default value = 3, integer): 
>rates => 3

>multiple-hits => None

>mss => No
The number alpha rate classes to include in the model [1-10, default 3] (permissible range = [1,10], default value = 3, integer): 
>syn-rates => 3

>error-sink => No
The number of points in the initial distributional guess for likelihood fitting (permissible range = [1,10000], default value = 250, integer): 
>grid-size => 250
The number of initial random guesses to 'seed' rate values optimization (permissible range = [1,25], default value = 1, integer): 
>starting-points => 1


### Branches to test for selection in the BUSTED analysis
* Selected 1097 branches to test in the BUSTED analysis: `Chelonia_mydas_MTNR1A_102946668, Caretta_caretta_MTNR1A_125641701, Node13, Dermochelys_coriacea_MTNR1A_119860032, Node12, Chelydra_serpentina_MTNR1A_G0U57_007324, Node11, Chelonoidis_abingdonii_MTNR1A_116820072, Gopherus_flavomarginatus_MTNR1A_127055213, Gopherus_evgoodei_MTNR1A_115656752, Gopherus_evgoodei_MTNR1A_MTNR1A, Node24, Node22, Node20, Mauremys_reevesii_MTNR1A_120370596, Node19, Trachemys_scripta_elegans_MTNR1A_117881704, Malaclemys_terrapin_pileata_MTNR1A_128842270, Node30, Chrysemys_picta_MTNR1A_MTNR1A, Node29, Terrapene_carolina_triunguis_MTNR1A_112118653, Node28, Node18, Node10, Pelodiscus_sinensis_MTNR1A_102445396, Node9, Gymnogyps_californianus_MTNR1A_127022172, Cathartes_aura_MTNR1A_N323_00370, Node36, Node8, Sceloporus_undulatus_MTNR1A_121922608, Hemicordylus_capensis_MTNR1A_128346952, Node41, Zootoca_vivipara_MTNR1A_118080441, Podarcis_muralis_MTNR1A_114591369, Podarcis_raffonei_MTNR1A_128407979, Node49, Podarcis_lilfordi_MTNR1A_PODLI_1B022073, Node48, Lacerta_agilis_MTNR1A_117041474, Node47, Node45, Pogona_vitticeps_MTNR1A_110087969, Node44, Node40, Varanus_komodoensis_MTNR1A_123035811, Gekko_japonicus_MTNR1A_107113891, Sphaerodactylus_townsendi_MTNR1A_125429153, Node57, Node55, Node39, Node7, Rhinatrema_bivittatum_MTNR1A_115079698, Node6, Bombina_bombina_MTNR1A_128662408, Xenopus_tropicalis_MTNR1A_100486065, Xenopus_laevis_MTNR1A_121402097, Node65, Node63, Hyla_sarda_MTNR1A_130367088, Bufo_bufo_MTNR1A_121008038, Bufo_gargarizans_MTNR1A_122926495, Node71, Node69, Nanorana_parkeri_MTNR1A_108786306, Rana_temporaria_MTNR1A_120932614, Node74, Node68, Node62, Spea_bombifrons_MTNR1A_128490350, Pelobates_cultripes_MTNR1A_PECUL_23A022677, Node77, Node61, Node5, Ornithorhynchus_anatinus_MTNR1A_100089825, Tachyglossus_aculeatus_MTNR1A_119935655, Node80, Node4, Bombina_bombina_MTNR1A_128650168, Xenopus_laevis_MTNR1A_108706613, Xenopus_laevis_MTNR1A_108719600, Node91, Xenopus_tropicalis_MTNR1A_116408465, Node90, Bufo_bufo_MTNR1A_120990166, Bufo_gargarizans_MTNR1A_122942244, Node98, Hyla_sarda_MTNR1A_130357040, Node97, Rana_temporaria_MTNR1A_120939049, Nanorana_parkeri_MTNR1A_108792534, Node102, Node96, Spea_bombifrons_MTNR1A_128483030, Leptobrachium_leishanense_MTNR1A_MTNR1A, Node105, Node95, Node89, Node87, Rhinatrema_bivittatum_MTNR1A_115083065, Geotrypetes_seraphini_MTNR1A_117360174, Microcaecilia_unicolor_MTNR1A_115462196, Node110, Node108, Node86, Caretta_caretta_MTNR1A_125635838, Caretta_caretta_MTNR1A_MTNR1A, Node118, Chelydra_serpentina_MTNR1A_G0U57_012761, Node117, Chelonoidis_abingdonii_MTNR1A_116835911, Gopherus_evgoodei_MTNR1A_115652153, Gopherus_evgoodei_MTNR1A_MTNR1A_2, Node126, Node124, Gopherus_flavomarginatus_MTNR1A_127048268, Node123, Chrysemys_picta_MTNR1A_MTNR1A_2, Trachemys_scripta_elegans_MTNR1A_117878350, Malaclemys_terrapin_pileata_MTNR1A_128837651, Node133, Node131, Terrapene_carolina_triunguis_MTNR1A_112108958, Node130, Node122, Node116, Pelodiscus_sinensis_MTNR1A_102445172, Node115, Alligator_mississippiensis_MTNR1A_102559614, Crocodylus_porosus_MTNR1A_109321857, Gavialis_gangeticus_MTNR1A_109303664, Node142, Alligator_sinensis_MTNR1A_102368830, Node141, Node139, Casuarius_casuarius_MTNR1A_CASCAS_R00283, Eudromia_elegans_MTNR1A_EUDELE_R09655, Crypturellus_undulatus_MTNR1A_CRYUND_R11698, Crypturellus_soui_MTNR1A_CRYSOU_R09254, Node155, Node153, Nothoprocta_perdicaria_MTNR1A_112942661, Nothoprocta_ornata_MTNR1A_NOTORN_R08152, Nothoprocta_pentlandii_MTNR1A_NOTPEN_R04463, Node160, Node158, Node152, Nothocercus_nigrocapillus_MTNR1A_NOTNIG_R08744, Nothocercus_julius_MTNR1A_NOTJUL_R04464, Node163, Node151, Apteryx_mantelli_mantelli_MTNR1A_106483995, Apteryx_rowi_MTNR1A_112971936, Node166, Node150, Node148, Struthio_camelus_australis_MTNR1A_104138339, Node147, Aix_galericulata_MTNR1A_LUU34_01045300, Cairina_moschata_domestica_MTNR1A_MTNR1A, Node175, Oxyura_jamaicensis_MTNR1A_118166742, Cygnus_olor_MTNR1A_121070239, Node179, Asarcornis_scutulata_MTNR1A_ASASCU_R02953, Aythya_fuligula_MTNR1A_116489283, Node182, Node178, Node174, Anas_platyrhynchos_MTNR1A_101797746, Anas_zonorhyncha_MTNR1A_MTNR1A, Node185, Node173, Anseranas_semipalmata_MTNR1A_ANSSEM_R03934, Node172, Numida_meleagris_MTNR1A_110398913, Odontophorus_gujanensis_MTNR1A_ODOGUJ_R06493, Node192, Centrocercus_urophasianus_MTNR1A_122157015, Tympanuchus_pallidicinctus_MTNR1A_128080581, Node200, Lagopus_leucura_MTNR1A_122179994, Lagopus_muta_MTNR1A_125691636, Node203, Node199, Meleagris_gallopavo_MTNR1A_100549313, Meleagris_gallopavo_MTNR1A_MTNR1A, Node206, Node198, Phasianus_colchicus_MTNR1A_116225953, Node197, Coturnix_japonica_MTNR1A_107313685, Node196, Gallus_gallus_MTNR1A_Mel1AR, Node195, Node191, Penelope_pileata_MTNR1A_PENPIL_R05623, Node190, Alectura_lathami_MTNR1A_ALELAT_R01391, Node189, Node171, Apus_apus_MTNR1A_127384831, Chaetura_pelagica_MTNR1A_104393049, Node219, Hemiprocne_comata_MTNR1A_HEMCOM_R04999, Node218, Calypte_anna_MTNR1A_103526818, Oreotrochilus_melanogaster_MTNR1A_OREMEL_R02473, Node224, Aegotheles_bennettii_MTNR1A_AEGBEN_R04201, Node223, Node217, Nyctibius_bracteatus_MTNR1A_NYCBRA_R09790, Nyctibius_grandis_MTNR1A_NYCGRA_R04360, Node228, Node216, Aramus_guarauna_MTNR1A_ARAGUA_R06901, Grus_americana_MTNR1A_129205855, Node231, Node215, Uria_aalge_MTNR1A_URIAAL_R09604, Cepphus_grylle_MTNR1A_CEPGRY_R11197, Node241, Rissa_tridactyla_MTNR1A_128910190, Rynchops_niger_MTNR1A_RYNNIG_R11941, Larus_smithsonianus_MTNR1A_LARSMI_R11060, Node248, Chroicocephalus_maculipennis_MTNR1A_CHRMAC_R00679, Node247, Node245, Phaetusa_simplex_MTNR1A_PHASIM_R09406, Node244, Node240, Jacana_jacana_MTNR1A_JACJAC_R05292, Rostratula_benghalensis_MTNR1A_ROSBEN_R03554, Nycticryphes_semicollaris_MTNR1A_NYCSEM_R10057, Node258, Node256, Thinocorus_orbignyianus_MTNR1A_THIORB_R06749, Pedionomus_torquatus_MTNR1A_PEDTOR_R04494, Node261, Node255, Arenaria_interpres_MTNR1A_AREINT_R12673, Calidris_pugnax_MTNR1A_106889983, Node264, Node254, Limosa_lapponica_baueri_MTNR1A_llap_17763, Node253, Node239, Glareola_pratincola_MTNR1A_GLAPRA_R03366, Dromas_ardeola_MTNR1A_DROARD_R01411, Node269, Rhinoptilus_africanus_MTNR1A_RHIAFR_R00740, Node268, Node238, Chionis_minor_MTNR1A_CHIMIN_R03901, Pluvianellus_socialis_MTNR1A_PLUSOC_R03973, Node273, Node237, Columba_livia_MTNR1A_102097201, Patagioenas_fasciata_monilis_MTNR1A_AV530_017448, Node278, Columbina_picui_MTNR1A_COLPIC_R11018, Caloenas_nicobarica_MTNR1A_CALNIC_R09735, Node281, Node277, Alopecoenas_beccarii_MTNR1A_ALOBEC_R04386, Node276, Node236, Fregetta_grallaria_MTNR1A_FREGRA_R08122, Node235, Geococcyx_californianus_MTNR1A_GEOCAL_R09814, Crotophaga_sulcirostris_MTNR1A_CROSUL_R00109, Node289, Cuculus_canorus_MTNR1A_104067144, Centropus_unirufus_MTNR1A_CENUNI_R10369, Centropus_bengalensis_MTNR1A_CENBEN_R05778, Node294, Node292, Node288, Haliaeetus_albicilla_MTNR1A_HALALB_R11427, Haliaeetus_leucocephalus_MTNR1A_104833397, Node308, Buteo_japonicus_MTNR1A_MTNR1A, Node307, Aquila_chrysaetos_chrysaetos_MTNR1A_115344633, Node306, Harpia_harpyja_MTNR1A_128138670, Node305, Amazona_aestiva_MTNR1A_AAES_125952, Amazona_guildingii_MTNR1A_AMAGUI_R02447, Node317, Melopsittacus_undulatus_MTNR1A_101871740, Pezoporus_wallicus_MTNR1A_130605137, Node320, Node316, Eolophus_roseicapilla_MTNR1A_EOLROS_R04365, Node315, Strigops_habroptila_MTNR1A_115610905, Node314, Node304, Cariama_cristata_MTNR1A_104159597, Chunga_burmeisteri_MTNR1A_CHUBUR_R07222, Node328, Trogon_melanurus_MTNR1A_TROMEL_R13875, Apaloderma_vittatum_MTNR1A_104269477, Node331, Node327, Upupa_epops_MTNR1A_UPUEPO_R09430, Rhinopomastus_cyanomelas_MTNR1A_RHICYA_R08465, Node334, Node326, Eubucco_bourcierii_MTNR1A_EUBBOU_R06958, Ramphastos_sulfuratus_MTNR1A_RAMSUL_R03249, Node340, Tricholaema_leucomelas_MTNR1A_TRILEU_R11371, Node339, Psilopogon_haemacephalus_MTNR1A_PSIHAE_R02269, Node338, Dryobates_pubescens_MTNR1A_104301790, Indicator_maculatus_MTNR1A_INDMAC_R09138, Indicator_indicator_MTNR1A_128968500, Node347, Node345, Node337, Node325, Node303, Bucorvus_abyssinicus_MTNR1A_BUCABY_R08658, Buceros_rhinoceros_silvestris_MTNR1A_104497761, Node350, Node302, Falco_tinnunculus_MTNR1A_1B_ENSFTIG000000079161, Falco_rusticolus_MTNR1A_119151269, Node354, Pterocles_burchelli_MTNR1A_PTEBUR_R09896, Syrrhaptes_paradoxus_MTNR1A_SYRPAR_R03890, Node357, Node353, Node301, Gymnorhina_tibicen_MTNR1A_GYMTIB_R03202, Rhagologus_leucostigma_MTNR1A_RHALEU_R00802, Node370, Machaerirhynchus_nigripectus_MTNR1A_MACNIG_R02584, Node369, Aphelocoma_coerulescens_MTNR1A_APHCOE_R01164, Corvus_kubaryi_MTNR1A_121676664, Corvus_hawaiiensis_MTNR1A_125326252, Corvus_cornix_cornix_MTNR1A_104690858, Corvus_moneduloides_MTNR1A_116444396, Node382, Node380, Node378, Node376, Oriolus_oriolus_MTNR1A_ORIORI_R09960, Pachycephala_philippinensis_MTNR1A_PACPHI_R10631, Node387, Eulacestoma_nigropectus_MTNR1A_EULNIG_R02123, Node386, Pteruthius_melanotis_MTNR1A_PTEMEL_R02430, Node385, Node375, Chaetorhynchus_papuensis_MTNR1A_CHAPAP_R06898, Node374, Node368, Ptilorrhoa_leucosticta_MTNR1A_PTILEU_R03021, Mohoua_ochrocephala_MTNR1A_MOHOCH_R12459, Node393, Node367, Aleadryas_rufinucha_MTNR1A_ALERUF_R00514, Node366, Serinus_canaria_MTNR1A_103825450, Loxia_curvirostra_MTNR1A_LOXCUR_R05310, Loxia_leucoptera_MTNR1A_LOXLEU_R08596, Node410, Node408, Haemorhous_mexicanus_MTNR1A_MTNR1A, Node407, Dicaeum_eximium_MTNR1A_DICEXI_R00335, Node406, Notiomystis_cincta_MTNR1A_NOTCIN_R00405, Sturnus_vulgaris_MTNR1A_106851456, Leucopsar_rothschildi_MTNR1A_LEUROT_R05621, Node419, Toxostoma_redivivum_MTNR1A_TOXRED_R04042, Node418, Sylvia_atricapilla_MTNR1A_SYLATR_R09805, Sylvia_borin_MTNR1A_SYLBOR_R01229, Node428, Turnix_velox_MTNR1A_TURVEL_R06354, Node427, Oenanthe_oenanthe_MTNR1A_OENOEN_R11052, Oenanthe_melanoleuca_MTNR1A_130252324, Node432, Node426, Ficedula_albicollis_MTNR1A_101818649, Node425, Cercotrichas_coryphoeus_MTNR1A_CERCOR_R01402, Copsychus_sechellarum_MTNR1A_COPSEC_R03850, Node436, Node424, Catharus_ustulatus_MTNR1A_116996539, Catharus_fuscescens_MTNR1A_CATFUS_R04063, Node439, Node423, Node417, Node415, Node405, Promerops_cafer_MTNR1A_PROCAF_R03374, Node404, Irena_cyanogastra_MTNR1A_IRECYA_R13222, Chloropsis_hardwickii_MTNR1A_CHLHAR_R13430, Node443, Node403, Parus_major_MTNR1A_107203589, Pseudopodoces_humilis_MTNR1A_102108252, Node449, Cyanistes_caeruleus_MTNR1A_111928435, Node448, Poecile_atricapillus_MTNR1A_131578825, Node447, Bombycilla_garrulus_MTNR1A_BOMGAR_R04149, Node446, Node402, Sitta_europaea_MTNR1A_SITEUR_R02345, Elachura_formosa_MTNR1A_ELAFOR_R12638, Node455, Node401, Leiothrix_lutea_MTNR1A_LEILUT_R07733, Pomatorhinus_ruficollis_MTNR1A_PORRUF_R11213, Node464, Zosterops_hypoxanthus_MTNR1A_ZOSHYP_R12568, Node463, Sinosuthora_webbiana_MTNR1A_SINWEB_R08708, Node462, Acrocephalus_arundinaceus_MTNR1A_ACRARU_R14350, Hippolais_icterina_MTNR1A_HIPICT_R06077, Node469, Node461, Brachypodius_atriceps_MTNR1A_BRAATR_R10260, Pycnonotus_jocosus_MTNR1A_PYCJOC_R09971, Node473, Locustella_ochotensis_MTNR1A_LOCOCH_R13823, Node472, Node460, Erythrocercus_mccallii_MTNR1A_ERYMCC_R13811, Hirundo_rustica_MTNR1A_120752937, Node477, Node459, Sylvietta_virens_MTNR1A_SYLVIR_R02146, Node458, Node400, Passer_montanus_MTNR1A_120497942, Pyrgilauda_ruficollis_MTNR1A_121360234, Onychostruthus_taczanowskii_MTNR1A_121348461, Node495, Node493, Taeniopygia_guttata_MTNR1A_751586, Lonchura_striata_domestica_MTNR1A_110474853, Node499, Vidua_chalybeata_MTNR1A_128787040, Vidua_macroura_MTNR1A_128806330, Node502, Node498, Node492, Motacilla_alba_MTNR1A_MOTALB_R06821, Motacilla_alba_alba_MTNR1A_119700808, Node505, Node491, Geospiza_fortis_MTNR1A_115948584, Camarhynchus_parvulus_MTNR1A_115903193, Node511, Pheucticus_melanocephalus_MTNR1A_PHEMEL_R08719, Node510, Rhodinocichla_rosea_MTNR1A_RHOROS_R10139, Node509, Nesospiza_acunhae_MTNR1A_NESACU_R11249, Node508, Node490, Agelaius_phoeniceus_MTNR1A_129120629, Molothrus_ater_MTNR1A_118686642, Node520, Setophaga_kirtlandii_MTNR1A_SETKIR_R12418, Node519, Melozone_crissalis_MTNR1A_128950622, Ammospiza_nelsoni_MTNR1A_132072406, Ammospiza_caudacuta_MTNR1A_131556942, Node527, Node525, Melospiza_georgiana_MTNR1A_131083638, Node524, Node518, Emberiza_fucata_MTNR1A_EMBFUC_R13312, Node517, Node489, Spizella_passerina_MTNR1A_SPIPAS_R08349, Quiscalus_mexicanus_MTNR1A_QUIMEX_R12478, Node533, Calcarius_ornatus_MTNR1A_CALORN_R10481, Node532, Node488, Cardinalis_cardinalis_MTNR1A_CARCAR_R10084, Passerina_amoena_MTNR1A_PASAMO_R03714, Node537, Node487, Urocynchramus_pylzowi_MTNR1A_UROPYL_R12021, Prunella_fulvescens_MTNR1A_PRUFUL_R13910, Prunella_himalayana_MTNR1A_PRUHIM_R04059, Node542, Node540, Node486, Ploceus_nigricollis_MTNR1A_PLONIG_R07902, Node485, Peucedramus_taeniatus_MTNR1A_PEUTAE_R09884, Node484, Leptocoma_aspasia_MTNR1A_LEPASP_R04045, Node483, Pomatostomus_ruficeps_MTNR1A_POSRUF_R12098, Rhipidura_dahli_MTNR1A_RHIDAH_R13056, Node555, Myiagra_hebetior_MTNR1A_MYIHEB_R09984, Node554, Lanius_ludovicianus_MTNR1A_LANLUD_R06997, Node553, Daphoenositta_chrysoptera_MTNR1A_DAPCHR_R07055, Platysteira_castanea_MTNR1A_DYACAS_R04355, Node560, Node552, Ptilonorhynchus_violaceus_MTNR1A_PTIVIO_R13485, Climacteris_rufus_MTNR1A_CLIRUF_R11555, Node567, Picathartes_gymnocephalus_MTNR1A_PICGYM_R11208, Chaetops_frenatus_MTNR1A_CHAFRE_R08014, Node570, Node566, Dasyornis_broadbenti_MTNR1A_DASBRO_R02815, Origma_solitaria_MTNR1A_ORISOL_R09299, Node573, Node565, Ifrita_kowaldi_MTNR1A_IFRKOW_R05775, Node564, Falcunculus_frontatus_MTNR1A_FALFRO_R13996, Node563, Node551, Edolisoma_coerulescens_MTNR1A_EDOCOE_R12241, Node550, Drymodes_brunneopygia_MTNR1A_DRYBRU_R12363, Node549, Regulus_satrapa_MTNR1A_REGSAT_R08413, Donacobius_atricapilla_MTNR1A_DONATR_R06966, Rhabdornis_inornatus_MTNR1A_RHAINO_R07242, Alaudala_cheleensis_MTNR1A_ALACHE_R09394, Node585, Node583, Node581, Polioptila_caerulea_MTNR1A_POLCAE_R06175, Node580, Node548, Node482, Cisticola_juncidis_MTNR1A_CISJUN_R10022, Illadopsis_cleaveri_MTNR1A_ILLCLE_R09284, Sterrhoptilus_dennistouni_MTNR1A_STEDEN_R13400, Node595, Node593, Rhadina_sibilatrix_MTNR1A_RHASIB_R02164, Node592, Hylia_prasina_MTNR1A_HYLPRA_R04713, Node591, Cettia_cetti_MTNR1A_CETCET_R02924, Node590, Certhia_brachydactyla_MTNR1A_CERBRA_R12721, Certhia_familiaris_MTNR1A_CERFAM_R12670, Node602, Anthoscopus_minutus_MTNR1A_ANTMIN_R08325, Node601, Node589, Node481, Node399, Callaeas_wilsoni_MTNR1A_CALWIL_R00572, Node398, Cnemophilus_loriae_MTNR1A_CNELOR_R09282, Node397, Node365, Orthonyx_spaldingii_MTNR1A_ORTSPA_R04658, Malurus_elegans_MTNR1A_MALELE_R05006, Malurus_cyaneus_samueli_MTNR1A_MTNR1A_2, Node611, Node609, Pardalotus_punctatus_MTNR1A_PARPUN_R10710, Grantiella_picta_MTNR1A_GRAPIC_R13067, Node614, Node608, Node364, Menura_novaehollandiae_MTNR1A_MENNOV_R02352, Atrichornis_clamosus_MTNR1A_ATRCLA_R12657, Node617, Node363, Pitta_sordida_MTNR1A_PITSOR_R04389, Calyptomena_viridis_MTNR1A_CALVIR_R05465, Node625, Serilophus_lunatus_MTNR1A_SERLUN_R01045, Node624, Sapayoa_aenigma_MTNR1A_SAPAEN_R02554, Node623, Smithornis_capensis_MTNR1A_SMICAP_R11826, Node622, Neopelma_chrysocephalum_MTNR1A_113964375, Chiroxiphia_lanceolata_MTNR1A_116786289, Corapipo_altera_MTNR1A_113943848, Node639, Lepidothrix_coronata_MTNR1A_108505925, Manacus_vitellinus_MTNR1A_N305_05822, Manacus_candei_MTNR1A_127472476, Node644, Node642, Node638, Node636, Tachuris_rubrigastra_MTNR1A_TACRUB_R08137, Node635, Oxyruncus_cristatus_MTNR1A_OXYCRI_R04028, Tyrannus_savana_MTNR1A_TYRSAV_R05597, Myiozetetes_cayanensis_MTNR1A_126651733, Node651, Node649, Mionectes_macconnelli_MTNR1A_MIOMAC_R00031, Node648, Node634, Onychorhynchus_coronatus_MTNR1A_ONYCOR_R13797, Neopipo_cinnamomea_MTNR1A_NEOCIN_R10061, Node655, Node633, Piprites_chloris_MTNR1A_PIPCHL_R01810, Node632, Grallaria_varia_MTNR1A_GRAVAR_R09671, Campylorhamphus_procurvoides_MTNR1A_CAMPRO_R08611, Xiphorhynchus_elegans_MTNR1A_XIPELE_R04867, Node665, Furnarius_figulus_MTNR1A_FURFIG_R08873, Node664, Sclerurus_mexicanus_MTNR1A_SCLMEX_R01124, Node663, Node661, Scytalopus_superciliaris_MTNR1A_SCYSUP_R11372, Formicarius_rufipectus_MTNR1A_FORRUF_R02477, Node670, Node660, Sakesphorus_luctuosus_MTNR1A_SAKLUC_R02498, Node659, Node631, Node621, Acanthisitta_chloris_MTNR1A_103811444, Cephalopterus_ornatus_MTNR1A_CEPORN_R05791, Empidonax_traillii_MTNR1A_114071582, Node678, Pachyramphus_minor_MTNR1A_PACMIN_R10440, Node677, Willisornis_vidua_MTNR1A_WISP_141790, Node676, Node674, Node620, Node362, Colius_striatus_MTNR1A_104552151, Urocolius_indicus_MTNR1A_UROIND_R00581, Node685, Corythaeola_cristata_MTNR1A_CORCRI_R12386, Corythaixoides_concolor_MTNR1A_CORCON_R11542, Node689, Tauraco_erythrolophus_MTNR1A_104374793, Node688, Node684, Bucco_capensis_MTNR1A_BUCCAP_R10206, Galbula_dea_MTNR1A_GALDEA_R11050, Node693, Node683, Node361, Bubo_bubo_MTNR1A_MTNR1A_3, Strix_occidentalis_caurina_MTNR1A_MTNR1A, Ciccaba_nigrolineata_MTNR1A_CICNIG_R06731, Node701, Node699, Otus_sunia_MTNR1A_MTNR1A, Node698, Glaucidium_brasilianum_MTNR1A_GLABRA_R11591, Athene_cunicularia_MTNR1A_113479301, Node705, Node697, Tyto_alba_MTNR1A_104364521, Node696, Node360, Node300, Phoenicopterus_ruber_ruber_MTNR1A_N337_10347, Podilymbus_podiceps_MTNR1A_PODPOD_R06922, Podiceps_cristatus_MTNR1A_N338_02819, Node711, Node709, Node299, Steatornis_caripensis_MTNR1A_STECAR_R03645, Eurypyga_helias_MTNR1A_104509108, Rhynochetos_jubatus_MTNR1A_RHYJUB_R01068, Node724, Node722, Herpetotheres_cachinnans_MTNR1A_HERCAC_R01154, Node721, Ciconia_maguari_MTNR1A_CICMAG_R12671, Node720, Phalacrocorax_carbo_MTNR1A_104047760, Anhinga_anhinga_MTNR1A_ANHANH_R11217, Node729, Node719, Scopus_umbretta_MTNR1A_SCOUMB_R12038, Charadrius_vociferus_MTNR1A_104285456, Himantopus_himantopus_MTNR1A_HIMHIM_R09432, Ibidorhyncha_struthersii_MTNR1A_IBISTR_R07105, Node737, Node735, Node733, Nipponia_nippon_MTNR1A_104021389, Mesembrinibis_cayennensis_MTNR1A_MESCAY_R08679, Node740, Node732, Node718, Piaya_cayana_MTNR1A_PIACAY_R08468, Node717, Fregata_magnificens_MTNR1A_FREMAG_R04018, Pelecanoides_urinatrix_MTNR1A_PELURI_R10272, Calonectris_borealis_MTNR1A_CALBOR_R02627, Node746, Node744, Node716, Thalassarche_chlororhynchos_MTNR1A_THACHL_R12044, Sagittarius_serpentarius_MTNR1A_SAGSER_R13283, Pandion_haliaetus_MTNR1A_PANHAL_R03771, Spizaetus_tyrannus_MTNR1A_SPITYR_R02915, Circaetus_pectoralis_MTNR1A_CIRPEC_R11891, Node757, Node755, Node753, Node751, Chloroceryle_aenea_MTNR1A_CHLAEN_R01280, Halcyon_senegalensis_MTNR1A_HALSEN_R11990, Node762, Baryphthengus_martii_MTNR1A_BARMAR_R11284, Node761, Eurystomus_gularis_MTNR1A_EURGUL_R06961, Node760, Node750, Psophia_crepitans_MTNR1A_PSOCRE_R11582, Heliornis_fulica_MTNR1A_HELFUL_R12710, Atlantisia_rogersi_MTNR1A_ATLROG_R10497, Zapornia_atra_MTNR1A_ZAPATR_R06890, Node772, Node770, Node768, Lophotis_ruficrista_MTNR1A_LOPRUF_R04077, Ardeotis_kori_MTNR1A_ARDKOR_R02562, Node776, Cochlearius_cochlearius_MTNR1A_COCCOC_R09202, Egretta_garzetta_MTNR1A_104129440, Node779, Node775, Node767, Node749, Node715, Opisthocomus_hoazin_MTNR1A_104334551, Phaethon_lepturus_MTNR1A_104615875, Node782, Node714, Node298, Gymnogyps_californianus_MTNR1A_127015835, Cathartes_aura_MTNR1A_N323_10550, Node787, Burhinus_bistriatus_MTNR1A_BURBIS_R08029, Node786, Oceanodroma_tethys_MTNR1A_HYDTET_R09711, Node785, Node297, Node287, Aptenodytes_patagonicus_MTNR1A_MTNR1A, Pygoscelis_adeliae_MTNR1A_103922562, Node805, Pygoscelis_antarcticus_MTNR1A_FQV08_0015024, Node804, Eudyptula_albosignata_MTNR1A_FQV20_0015541, Eudyptula_novaehollandiae_MTNR1A_FQV18_0003129, Eudyptula_novaehollandiae_MTNR1A_FQV18_0003372, Node811, Node809, Node803, Spheniscus_demersus_MTNR1A_FQV21_0002060, Node802, Megadyptes_antipodes_antipodes_MTNR1A_FQV17_0003938, Node801, Eudyptes_chrysolophus_MTNR1A_FQV09_0000620, Node800, Eudyptes_sclateri_MTNR1A_MTNR1A, Node799, Eudyptes_robustus_MTNR1A_MTNR1A, Node798, Eudyptes_filholi_MTNR1A_MTNR1A_2, Node797, Eudyptes_chrysocome_MTNR1A_MTNR1A, Node796, Eudyptes_pachyrhynchus_MTNR1A_MTNR1A, Node795, Eudyptes_schlegeli_MTNR1A_FQV10_0015212, Eudyptes_moseleyi_MTNR1A_MTNR1A, Node822, Node794, Spheniscus_humboldti_MTNR1A_FQV23_0001872, Spheniscus_mendiculus_MTNR1A_FQV24_0008267, Node828, Spheniscus_magellanicus_MTNR1A_FQV22_0008835, Node827, Pygoscelis_papua_MTNR1A_KCX85_0005142, Node826, Eudyptula_minor_MTNR1A_FQV19_0013298, Node825, Node793, Mesitornis_unicolor_MTNR1A_104546768, Chordeiles_acutipennis_MTNR1A_CHOACU_R08398, Antrostomus_carolinensis_MTNR1A_104532917, Node837, Nyctiprogne_leucopyga_MTNR1A_NYCLEU_R06584, Node836, Node834, Node792, Node286, Node234, Node214, Node170, Node146, Node138, Node114, Zootoca_vivipara_MTNR1A_118083563, Lacerta_agilis_MTNR1A_117052954, Node845, Podarcis_muralis_MTNR1A_114604252, Podarcis_raffonei_MTNR1A_128420673, Node848, Node844, Anolis_carolinensis_MTNR1A_100557231, Pogona_vitticeps_MTNR1A_110077907, Node852, Hemicordylus_capensis_MTNR1A_128328134, Node851, Node843, Gekko_japonicus_MTNR1A_107115812, Euleptes_europaea_MTNR1A_130482364, Node857, Eublepharis_macularius_MTNR1A_129336528, Node856, Node842, Notechis_scutatus_MTNR1A_113411768, Pseudonaja_textilis_MTNR1A_113434570, Node864, Naja_naja_MTNR1A_MTNR1A, Node863, Thamnophis_elegans_MTNR1A_116513531, Pantherophis_guttatus_MTNR1A_117680134, Pantherophis_guttatus_MTNR1A_MTNR1A, Node871, Ahaetulla_prasina_MTNR1A_131203459, Node870, Node868, Node862, Protobothrops_mucrosquamatus_MTNR1A_107302681, Node861, Node841, Node113, Node85, Sarcophilus_harrisii_MTNR1A_100919454, Antechinus_flavipes_MTNR1A_127541439, Node878, Trichosurus_vulpecula_MTNR1A_118854690, Vombatus_ursinus_MTNR1A_114024586, Node882, Dromiciops_gliroides_MTNR1A_122732703, Node881, Node877, Gracilinanus_agilis_MTNR1A_123251107, Node876, Node84, Sorex_cinereus_MTNR1A_130023807, Suncus_etruscus_MTNR1A_126006844, Node889, Talpa_occidentalis_MTNR1A_119257002, Condylura_cristata_MTNR1A_101631353, Node892, Node888, Echinops_telfairi_MTNR1A_101649538, Elephantulus_edwardii_MTNR1A_102870612, Node900, Elephas_maximus_indicus_MTNR1A_126065335, Trichechus_manatus_latirostris_MTNR1A_MTNR1A, Node903, Node899, Ochotona_princeps_MTNR1A_101527616, Ochotona_curzoniae_MTNR1A_121146821, Node909, Oryctolagus_cuniculus_MTNR1A_100344713, Node908, Marmota_himalayana_MTNR1A_MTNR1A, Marmota_flaviventris_MTNR1A_114085909, Node916, Sciurus_carolinensis_MTNR1A_124983082, Sciurus_vulgaris_MTNR1A_MTNR1A, Node919, Node915, Hydrochoerus_hydrochaeris_MTNR1A_MTNR1A, Cavia_tschudii_MTNR1A_MTNR1A, Node923, Chinchilla_lanigera_MTNR1A_102008174, Node922, Node914, Perognathus_longimembris_pacificus_MTNR1A_125339639, Dipodomys_spectabilis_MTNR1A_122127710, Node928, Phodopus_roborovskii_MTNR1A_127220495, Mesocricetus_auratus_MTNR1A_101827657, Node935, Microtus_oregoni_MTNR1A_121433890, Microtus_fortis_MTNR1A_126504790, Node940, Arvicola_amphibius_MTNR1A_119813720, Node939, Myodes_glareolus_MTNR1A_125413985, Node938, Node934, Peromyscus_eremicus_MTNR1A_131894709, Peromyscus_californicus_insignis_MTNR1A_128119393, Node948, Peromyscus_leucopus_MTNR1A_114701146, Node947, Onychomys_torridus_MTNR1A_118597660, Node946, Sigmodon_hispidus_MTNR1A_MTNR1A, Node945, Node933, Mus_pahari_MTNR1A_110337041, Mus_musculus_MTNR1A_Mel1AR, Mus_musculus_MTNR1A_Mel1AR_2, Node964, Mus_musculus_musculus_MTNR1A_MTNR1A, Mus_musculus_molossinus_MTNR1A_MTNR1A, Node967, Node963, Mus_musculus_domesticus_MTNR1A_MTNR1A, Node962, Mus_musculus_castaneus_MTNR1A_MTNR1A, Node961, Mus_spretus_MTNR1A_MTNR1A, Node960, Node958, Apodemus_sylvaticus_MTNR1A_127668856, Node957, Arvicanthis_niloticus_MTNR1A_117722039, Node956, Rattus_rattus_MTNR1A_116914896, Rattus_norvegicus_MTNR1A_MTNR1A, Node975, Node955, Acomys_cahirinus_MTNR1A_MTNR1A, Acomys_dimidiatus_MTNR1A_MTNR1A, Node980, Acomys_russatus_MTNR1A_127210338, Node979, Meriones_unguiculatus_MTNR1A_110562785, Node978, Node954, Node932, Rhizomys_pruinosus_MTNR1A_MTNR1A, Node931, Node927, Node913, Node907, Galeopterus_variegatus_MTNR1A_103607599, Node906, Node898, Canis_lupus_MTNR1A_MTNR1A, Canis_lupus_familiaris_MTNR1A_MTNR1A, Node992, Canis_lupus_familiaris_MTNR1A_482904, Node991, Vulpes_lagopus_MTNR1A_121488943, Node990, Mustela_lutreola_MTNR1A_131820640, Mustela_putorius_MTNR1A_MTNR1A, Mustela_nigripes_MTNR1A_132006523, Node1003, Node1001, Mustela_erminea_MTNR1A_116581949, Node1000, Martes_zibellina_MTNR1A_MTNR1A, Node999, Mirounga_leonina_MTNR1A_118009809, Node998, Ursus_arctos_MTNR1A_113262290, Ursus_americanus_MTNR1A_123784565, Node1010, Ursus_arctos_horribilis_MTNR1A_MTNR1A, Node1009, Node997, Node989, Panthera_pardus_MTNR1A_109250988, Panthera_uncia_MTNR1A_125923453, Panthera_leo_x_Panthera_tigris_MTNR1A_MTNR1A, Node1017, Node1015, Prionailurus_viverrinus_MTNR1A_125163612, Felis_catus_x_Prionailurus_bengalensis_MTNR1A_MTNR1A, Node1021, Felis_catus_x_Leopardus_geoffroyi_MTNR1A_MTNR1A, Node1020, Node1014, Node988, Manis_pentadactyla_MTNR1A_118916980, Node987, Node897, Artibeus_jamaicensis_MTNR1A_119036922, Sturnira_hondurensis_MTNR1A_118992993, Node1032, Phyllostomus_hastatus_MTNR1A_123807691, Node1031, Desmodus_rotundus_MTNR1A_112306797, Node1030, Pteronotus_parnellii_mesoamericanus_MTNR1A_129064698, Node1029, Myotis_myotis_MTNR1A_118652050, Myotis_brandtii_MTNR1A_102249711, Node1039, Pipistrellus_kuhlii_MTNR1A_118730145, Node1038, Node1028, Lemur_catta_MTNR1A_123637718, Cheirogaleus_medius_MTNR1A_MTNR1A, Node1045, Otolemur_garnettii_MTNR1A_100955874, Nycticebus_coucang_MTNR1A_128588933, Node1049, Daubentonia_madagascariensis_MTNR1A_MTNR1A, Node1048, Node1044, Macaca_thibetana_thibetana_MTNR1A_126955237, Rhinopithecus_bieti_MTNR1A_108522437, Rhinopithecus_roxellana_MTNR1A_104673820, Node1057, Node1055, Hylobates_pileatus_MTNR1A_MTNR1A, Pongo_pygmaeus_MTNR1A_129034694, Node1061, Homo_sapiens_MTNR1A_Mel1AR, Homo_sapiens_MTNR1A_Mel1AR_2, Node1064, Node1060, Node1054, Alouatta_palliata_MTNR1A_MTNR1A, Node1053, Node1043, Node1027, Hippopotamus_amphibius_kiboko_MTNR1A_130830309, Cervus_hanglu_yarkandensis_MTNR1A_MTNR1A, Bos_taurus_MTNR1A_Mel1AR, Bubalus_bubalis_MTNR1A_102415439, Node1074, Ovis_aries_MTNR1A_Mel1AR, Node1073, Node1071, Node1069, Camelus_dromedarius_MTNR1A_105102400, Node1068, Node1026, Node896, Pteropus_giganteus_MTNR1A_120583800, Megaderma_lyra_MTNR1A_MTNR1A, Hipposideros_galeritus_MTNR1A_MTNR1A, Node1082, Node1080, Equus_quagga_MTNR1A_124231589, Equus_przewalskii_MTNR1A_103549958, Node1086, Diceros_bicornis_minor_MTNR1A_131393951, Ceratotherium_simum_cottoni_MTNR1A_MTNR1A, Node1089, Node1085, Node1079, Node895, Node887, Node83, Node3, Eudyptes_sclateri_MTNR1A_MTNR1A_2, Eudyptes_filholi_MTNR1A_MTNR1A, Node1094, Bubo_bubo_MTNR1A_MTNR1A_2, Node1093, Malurus_cyaneus_samueli_MTNR1A_MTNR1A, Node1092, Bubo_bubo_MTNR1A_MTNR1A`


### Obtaining branch lengths and nucleotide substitution biases under the nucleotide GTR model

>kill-zero-lengths => Yes

### Deleted 72 zero-length internal branches: `Node1010, Node1061, Node124, Node182, Node216, Node234, Node239, Node247, Node297, Node298, Node300, Node302, Node361, Node367, Node368, Node375, Node382, Node386, Node393, Node397, Node400, Node401, Node449, Node460, Node481, Node482, Node486, Node489, Node490, Node498, Node508, Node525, Node548, Node551, Node552, Node564, Node566, Node580, Node621, Node625, Node631, Node633, Node639, Node648, Node655, Node661, Node684, Node714, Node715, Node716, Node717, Node718, Node719, Node751, Node792, Node795, Node796, Node797, Node798, Node799, Node800, Node801, Node803, Node804, Node805, Node825, Node826, Node857, Node897, Node963, Node964, Node992`
* Log(L) = -93240.96, AIC-c = 188692.32 (1105 estimated parameters)
* 1 partition. Total tree length by partition (subs/site) 17.428

### Obtaining the global omega estimate based on relative GTR branch lengths and nucleotide substitution biases
* Log(L) = -86399.07, AIC-c = 174879.23 (1040 estimated parameters)
* 1 partition. Total tree length by partition (subs/site) 18.944
* non-synonymous/synonymous rate ratio for *test* =   0.1449

### Improving branch lengths, nucleotide substitution biases, and global dN/dS ratios under a full codon model
* Log(L) = -85956.96, AIC-c = 173995.01 (1040 estimated parameters)
* non-synonymous/synonymous rate ratio for *test* =   0.1220

### Performing the full (dN/dS > 1 allowed) branch-site model fit
* Log(L) = -85034.81, AIC-c = 172168.73 (1049 estimated parameters)
* For *test* branches, the following rate distribution for branch-site combinations was inferred

|          Selection mode           |     dN/dS     |Proportion, %|               Notes               |
|-----------------------------------|---------------|-------------|-----------------------------------|
|        Negative selection         |     0.010     |   35.369    |                                   |
|        Negative selection         |     0.127     |   60.360    |                                   |
|      Diversifying selection       |     1.033     |    4.271    |                                   |

* The following rate distribution for site-to-site **synonymous** rate variation was inferred

|               Rate                | Proportion, % |               Notes               |
|-----------------------------------|---------------|-----------------------------------|
|               0.598               |    51.299     |                                   |
|               1.370               |    48.550     |                                   |
|              18.877               |     0.151     |                                   |


### Performing the constrained (dN/dS > 1 not allowed) model fit
* Log(L) = -84897.55, AIC-c = 171892.20 (1048 estimated parameters)
* For *test* branches under the null (no dN/dS > 1 model), the following rate distribution for branch-site combinations was inferred

|          Selection mode           |     dN/dS     |Proportion, %|               Notes               |
|-----------------------------------|---------------|-------------|-----------------------------------|
|        Negative selection         |     0.011     |   36.825    |                                   |
|        Negative selection         |     0.129     |   58.898    |                                   |
|         Neutral evolution         |     1.000     |    4.277    |                                   |

* The following rate distribution for site-to-site **synonymous** rate variation was inferred

|               Rate                | Proportion, % |               Notes               |
|-----------------------------------|---------------|-----------------------------------|
|               0.473               |    30.218     |                                   |
|               0.936               |    41.129     |                                   |
|               1.648               |    28.654     |                                   |

----
## Negative test LRT (convergence problem). Refitting the alternative model using the null model as a start.
----

* Log(L) = -84897.52, AIC-c = 171894.14 (1049 estimated parameters)
* For *test* branches, the following rate distribution for branch-site combinations was inferred

|          Selection mode           |     dN/dS     |Proportion, %|               Notes               |
|-----------------------------------|---------------|-------------|-----------------------------------|
|        Negative selection         |     0.011     |   38.112    |                                   |
|        Negative selection         |     0.132     |   57.711    |                                   |
|      Diversifying selection       |     1.015     |    4.177    |                                   |

* The following rate distribution for site-to-site **synonymous** rate variation was inferred

|               Rate                | Proportion, % |               Notes               |
|-----------------------------------|---------------|-----------------------------------|
|               0.473               |    30.215     |                                   |
|               0.936               |    41.129     |                                   |
|               1.648               |    28.656     |                                   |

Performing the constrained (dN/dS > 1 not allowed) model fit
* Log(L) = -84897.53, AIC-c = 171892.16 (1048 estimated parameters)
* For *test* branches under the null (no dN/dS > 1 model), the following rate distribution for branch-site combinations was inferred

|          Selection mode           |     dN/dS     |Proportion, %|               Notes               |
|-----------------------------------|---------------|-------------|-----------------------------------|
|        Negative selection         |     0.011     |   38.112    |                                   |
|        Negative selection         |     0.132     |   57.645    |                                   |
|         Neutral evolution         |     1.000     |    4.243    |                                   |

* The following rate distribution for site-to-site **synonymous** rate variation was inferred

|               Rate                | Proportion, % |               Notes               |
|-----------------------------------|---------------|-----------------------------------|
|               0.473               |    30.215     |                                   |
|               0.936               |    41.129     |                                   |
|               1.648               |    28.656     |                                   |

----
## Branch-site unrestricted statistical test of episodic diversification [BUSTED]
Likelihood ratio test for episodic diversifying positive selection, **p =   0.4948**.
