
Analysis Description
--------------------
FEL (Fixed Effects Likelihood) estimates site-wise synonymous (&alpha;)
and non-synonymous (&beta;) rates, and uses a likelihood ratio test to
determine if beta &neq; alpha at a site. The estimates aggregate
information over all branches, so the signal is derived from pervasive
diversification or conservation. A subset of branches can be selected
for testing as well, in which case an additional (nuisance) parameter
will be inferred -- the non-synonymous rate on branches NOT selected for
testing. Multiple partitions within a NEXUS file are also supported for
recombination - aware analysis. Version 2.5 adds MH support. Version 2.6
adds substitution mapping. 

- __Requirements__: in-frame codon alignment and a phylogenetic tree

- __Citation__: Not So Different After All: A Comparison of Methods for Detecting Amino
Acid Sites Under Selection (2005). _Mol Biol Evol_ 22 (5): 1208-1222

- __Written by__: Sergei L Kosakovsky Pond and Simon DW Frost

- __Contact Information__: spond@temple.edu

- __Analysis Version__: 2.6


>code => Universal

-------
>[WARNING]
'/Users/saramattiolo/tesi_melatonina/alignment_prank/MTNR1C_prank.best.fas'
contains 5 duplicate sequences. Identical sequences do not contribute
any information to the analysis and only slow down computation. Please
consider removing duplicate or 'nearly' duplicate sequences, e.g. using
https://github.com/veg/hyphy-analyses/tree/master/remove-duplicates
prior to running selection analyses
-------
/Users/saramattiolo/tesi_melatonina/hyphy/MTNR1C_tree.nwk
/Users/saramattiolo/tesi_melatonina/hyphy/MTNR1C_tree.nwk

>Loaded a multiple sequence alignment with **288** sequences, **1192** codons, and **1** partitions from `/Users/saramattiolo/tesi_melatonina/alignment_prank/MTNR1C_prank.best.fas`

>branches => All

>srv => Yes

>multiple-hits => None

>Select the p-value threshold to use when testing for selection (permissible range = [0,1], default value = 0.1): 
>pvalue => 0.1

>ci => No
Only analyze sites whose 1-based indices match the following list (null to skip) : 
>limit-to-sites => null
For sites whose 1-based indices match the following list, write out likelihood function snapshots (null string to skip) : 
>save-lf-for-sites => null

>[Advanced setting, will result in MUCH SLOWER run time] Perform parametric bootstrap resampling to derive site-level null LRT distributions up to this many replicates per site. Recommended use for small to medium (<30 sequences) datasets (permissible range = [0,1000], default value = 50, integer): 
>resample => 0


### Branches to include in the FEL analysis
Selected 573 branches to include in FEL calculations: `Xenopus_laevis_MTNR1C_Mel1CR, Xenopus_laevis_MTNR1C_108698430, Node2, Nanorana_parkeri_MTNR1C_108783900, Probosciger_aterrimus_MTNR1C_PROATE_R04090, Eolophus_roseicapilla_MTNR1C_EOLROS_R05093, Node10, Amazona_aestiva_MTNR1C_AAES_23638, Amazona_guildingii_MTNR1C_AMAGUI_R00472, Node13, Node9, Casuarius_casuarius_MTNR1C_CASCAS_R10656, Dromaius_novaehollandiae_MTNR1C_112997224, Node20, Eudromia_elegans_MTNR1C_EUDELE_R13198, Nothocercus_nigrocapillus_MTNR1C_NOTNIG_R10004, Nothocercus_julius_MTNR1C_NOTJUL_R01539, Node26, Node24, Crypturellus_undulatus_MTNR1C_CRYUND_R03921, Crypturellus_soui_MTNR1C_CRYSOU_R11372, Node30, Nothoprocta_ornata_MTNR1C_NOTORN_R13134, Nothoprocta_pentlandii_MTNR1C_NOTPEN_R03154, Node33, Node29, Node23, Node19, Anseranas_semipalmata_MTNR1C_ANSSEM_R03977, Penelope_pileata_MTNR1C_PENPIL_R10490, Odontophorus_gujanensis_MTNR1C_ODOGUJ_R11098, Gallus_gallus_MTNR1C_Mel1CR, Meleagris_gallopavo_MTNR1C_100547793, Node45, Node43, Node41, Alectura_lathami_MTNR1C_ALELAT_R02773, Node40, Node38, Chauna_torquata_MTNR1C_CHATOR_R00676, Node37, Asarcornis_scutulata_MTNR1C_ASASCU_R08012, Node36, Node18, Podargus_strigoides_MTNR1C_PODSTR_R09199, Uria_aalge_MTNR1C_URIAAL_R00332, Alca_torda_MTNR1C_ALCTOR_R09240, Node63, Cepphus_grylle_MTNR1C_CEPGRY_R00871, Node62, Stercorarius_parasiticus_MTNR1C_STEPAR_R04732, Rynchops_niger_MTNR1C_RYNNIG_R13984, Larus_smithsonianus_MTNR1C_LARSMI_R12970, Chroicocephalus_maculipennis_MTNR1C_CHRMAC_R10768, Node72, Node70, Phaetusa_simplex_MTNR1C_PHASIM_R10231, Node69, Node67, Node61, Glareola_pratincola_MTNR1C_GLAPRA_R01004, Rhinoptilus_africanus_MTNR1C_RHIAFR_R07720, Node78, Dromas_ardeola_MTNR1C_DROARD_R12477, Node77, Jacana_jacana_MTNR1C_JACJAC_R11359, Rostratula_benghalensis_MTNR1C_ROSBEN_R04972, Nycticryphes_semicollaris_MTNR1C_NYCSEM_R11072, Node87, Node85, Thinocorus_orbignyianus_MTNR1C_THIORB_R13904, Pedionomus_torquatus_MTNR1C_PEDTOR_R11479, Node90, Node84, Arenaria_interpres_MTNR1C_AREINT_R03273, Node83, Himantopus_himantopus_MTNR1C_HIMHIM_R08372, Ibidorhyncha_struthersii_MTNR1C_IBISTR_R09485, Node94, Node82, Node76, Node60, Node58, Urocolius_indicus_MTNR1C_UROIND_R09066, Node57, Caloenas_nicobarica_MTNR1C_CALNIC_R08111, Columbina_picui_MTNR1C_COLPIC_R04953, Alopecoenas_beccarii_MTNR1C_ALOBEC_R02399, Node102, Node100, Bucorvus_abyssinicus_MTNR1C_BUCABY_R07081, Node99, Galbula_dea_MTNR1C_GALDEA_R01995, Turnix_velox_MTNR1C_TURVEL_R05237, Node106, Node98, Node56, Phalacrocorax_carbo_MTNR1C_104045342, Anhinga_anhinga_MTNR1C_ANHANH_R13456, Anhinga_rufa_MTNR1C_ANHRUF_R09109, Node124, Sula_dactylatra_MTNR1C_SULDAC_R12892, Node123, Node121, Chionis_minor_MTNR1C_CHIMIN_R11172, Pluvianellus_socialis_MTNR1C_PLUSOC_R08321, Node129, Burhinus_bistriatus_MTNR1C_BURBIS_R12300, Node128, Node120, Sagittarius_serpentarius_MTNR1C_SAGSER_R11407, Node119, Oceanodroma_tethys_MTNR1C_HYDTET_R10591, Node118, Ciconia_maguari_MTNR1C_CICMAG_R07692, Node117, Eurypyga_helias_MTNR1C_104505358, Rhynochetos_jubatus_MTNR1C_RHYJUB_R09029, Node136, Node116, Ardeotis_kori_MTNR1C_ARDKOR_R10260, Lophotis_ruficrista_MTNR1C_LOPRUF_R13661, Node139, Node115, Pygoscelis_papua_MTNR1C_KCX85_0007764, Pygoscelis_antarcticus_MTNR1C_FQV08_0013886, Node144, Spheniscus_humboldti_MTNR1C_FQV23_0001221, Spheniscus_mendiculus_MTNR1C_FQV24_0006801, Node150, Spheniscus_demersus_MTNR1C_FQV21_0015846, Node149, Spheniscus_magellanicus_MTNR1C_FQV22_0004697, Node148, Eudyptula_minor_MTNR1C_FQV19_0011282, Eudyptula_novaehollandiae_MTNR1C_FQV18_0013487, Node158, Eudyptula_albosignata_MTNR1C_FQV20_0014117, Node157, Eudyptes_schlegeli_MTNR1C_FQV10_0008431, Node156, Megadyptes_antipodes_antipodes_MTNR1C_FQV17_0013555, Eudyptes_chrysolophus_MTNR1C_FQV09_0006691, Node163, Node155, Node147, Node143, Glaucidium_brasilianum_MTNR1C_GLABRA_R02568, Ciccaba_nigrolineata_MTNR1C_CICNIG_R09197, Node171, Phaethon_lepturus_MTNR1C_104620115, Node170, Scopus_umbretta_MTNR1C_SCOUMB_R07445, Node169, Nyctibius_bracteatus_MTNR1C_NYCBRA_R07928, Nyctibius_grandis_MTNR1C_NYCGRA_R01597, Node177, Bucco_capensis_MTNR1C_BUCCAP_R01927, Pterocles_gutturalis_MTNR1C_104462321, Syrrhaptes_paradoxus_MTNR1C_SYRPAR_R05646, Pterocles_burchelli_MTNR1C_PTEBUR_R01735, Node184, Node182, Node180, Node176, Node168, Fregetta_grallaria_MTNR1C_FREGRA_R11631, Oceanites_oceanicus_MTNR1C_OCEOCE_R10434, Node187, Node167, Aegotheles_bennettii_MTNR1C_AEGBEN_R00097, Hemiprocne_comata_MTNR1C_HEMCOM_R08937, Node192, Steatornis_caripensis_MTNR1C_STECAR_R03122, Node191, Heliornis_fulica_MTNR1C_HELFUL_R11805, Atlantisia_rogersi_MTNR1C_ATLROG_R13271, Zapornia_atra_MTNR1C_ZAPATR_R04509, Node198, Node196, Node190, Node166, Node142, Node114, Phoenicopterus_ruber_ruber_MTNR1C_N337_04698, Podilymbus_podiceps_MTNR1C_PODPOD_R01634, Podiceps_cristatus_MTNR1C_N338_04062, Node203, Node201, Node113, Fulmarus_glacialis_MTNR1C_104072368, Pelecanoides_urinatrix_MTNR1C_PELURI_R07983, Calonectris_borealis_MTNR1C_CALBOR_R12984, Node210, Node208, Balaeniceps_rex_MTNR1C_BALREX_R04836, Pelecanus_crispus_MTNR1C_104031807, Node214, Mesembrinibis_cayennensis_MTNR1C_MESCAY_R07265, Node213, Node207, Nyctiprogne_leucopyga_MTNR1C_NYCLEU_R01939, Chordeiles_acutipennis_MTNR1C_CHOACU_R04878, Node220, Cathartes_aura_MTNR1C_N323_11549, Node219, Corythaeola_cristata_MTNR1C_CORCRI_R05971, Corythaixoides_concolor_MTNR1C_CORCON_R05112, Node224, Node218, Node206, Node112, Thalassarche_chlororhynchos_MTNR1C_THACHL_R03841, Node111, Cochlearius_cochlearius_MTNR1C_COCCOC_R04839, Node110, Fregata_magnificens_MTNR1C_FREMAG_R13177, Psophia_crepitans_MTNR1C_PSOCRE_R11975, Aramus_guarauna_MTNR1C_ARAGUA_R13877, Node231, Node229, Node109, Node55, Gymnorhina_tibicen_MTNR1C_GYMTIB_R14417, Mystacornis_crossleyi_MTNR1C_MYSCRO_R10319, Node241, Platysteira_castanea_MTNR1C_DYACAS_R11541, Node240, Rhagologus_leucostigma_MTNR1C_RHALEU_R12674, Node239, Dryoscopus_gambensis_MTNR1C_DRYGAM_R08281, Node238, Toxostoma_redivivum_MTNR1C_TOXRED_R11727, Buphagus_erythrorhynchus_MTNR1C_BUPERY_R06720, Turdus_rufiventris_MTNR1C_TURU_102679, Node265, Node263, Leucopsar_rothschildi_MTNR1C_LEUROT_R10000, Node262, Rhabdornis_inornatus_MTNR1C_RHAINO_R15092, Node261, Erithacus_rubecula_MTNR1C_ERIRUB_R10157, Oenanthe_oenanthe_MTNR1C_OENOEN_R07097, Node272, Cercotrichas_coryphoeus_MTNR1C_CERCOR_R05555, Copsychus_sechellarum_MTNR1C_COPSEC_R03756, Node275, Node271, Cinclus_mexicanus_MTNR1C_CINMEX_R04765, Node270, Node260, Certhia_brachydactyla_MTNR1C_CERBRA_R09408, Certhia_familiaris_MTNR1C_CERFAM_R04208, Node279, Node259, Elachura_formosa_MTNR1C_ELAFOR_R12574, Node258, Polioptila_caerulea_MTNR1C_POLCAE_R09037, Thryothorus_ludovicianus_MTNR1C_THRLUD_R01583, Node283, Node257, Pomatostomus_ruficeps_MTNR1C_POSRUF_R08565, Dasyornis_broadbenti_MTNR1C_DASBRO_R00032, Origma_solitaria_MTNR1C_ORISOL_R00796, Node290, Pardalotus_punctatus_MTNR1C_PARPUN_R05933, Node289, Node287, Ptilorrhoa_leucosticta_MTNR1C_PTILEU_R13852, Node286, Node256, Sitta_europaea_MTNR1C_SITEUR_R01923, Tichodroma_muraria_MTNR1C_TICMUR_R01090, Node296, Promerops_cafer_MTNR1C_PROCAF_R11894, Node295, Node255, Phainopepla_nitens_MTNR1C_PHANIT_R00293, Node254, Regulus_satrapa_MTNR1C_REGSAT_R08742, Anthoscopus_minutus_MTNR1C_ANTMIN_R10770, Picathartes_gymnocephalus_MTNR1C_PICGYM_R11787, Cnemophilus_loriae_MTNR1C_CNELOR_R11626, Node309, Melanocharis_versteri_MTNR1C_MELVER_R02964, Node308, Node306, Urocynchramus_pylzowi_MTNR1C_UROPYL_R08952, Node305, Leptocoma_aspasia_MTNR1C_LEPASP_R08054, Node304, Node302, Chloropsis_hardwickii_MTNR1C_CHLHAR_R08029, Chloropsis_cyanopogon_MTNR1C_CHLCYA_R07259, Node315, Node301, Node253, Catharus_fuscescens_MTNR1C_CATFUS_R11229, Node252, Leiothrix_lutea_MTNR1C_LEILUT_R01277, Cisticola_juncidis_MTNR1C_CISJUN_R09510, Aegithalos_caudatus_MTNR1C_AEGCAU_R05887, Alaudala_cheleensis_MTNR1C_ALACHE_R07321, Node341, Node339, Node337, Sinosuthora_webbiana_MTNR1C_SINWEB_R02263, Node336, Sylvia_atricapilla_MTNR1C_SYLATR_R03915, Sylvia_borin_MTNR1C_SYLBOR_R00389, Node345, Node335, Sterrhoptilus_dennistouni_MTNR1C_STEDEN_R10291, Zosterops_hypoxanthus_MTNR1C_ZOSHYP_R11793, Node349, Pomatorhinus_ruficollis_MTNR1C_PORRUF_R03884, Node348, Node334, Illadopsis_cleaveri_MTNR1C_ILLCLE_R03869, Node333, Brachypodius_atriceps_MTNR1C_BRAATR_R11973, Pycnonotus_jocosus_MTNR1C_PYCJOC_R09091, Node354, Node332, Oxylabes_madagascariensis_MTNR1C_OXYMAD_R05265, Node331, Locustella_ochotensis_MTNR1C_LOCOCH_R11176, Node330, Cettia_cetti_MTNR1C_CETCET_R06983, Horornis_vulcanius_MTNR1C_HORVUL_R07519, Node361, Erythrocercus_mccallii_MTNR1C_ERYMCC_R04342, Node360, Sylvietta_virens_MTNR1C_SYLVIR_R00165, Rhadina_sibilatrix_MTNR1C_RHASIB_R03396, Node365, Node359, Node329, Donacobius_atricapilla_MTNR1C_DONATR_R03403, Node328, Hylia_prasina_MTNR1C_HYLPRA_R09038, Node327, Acrocephalus_arundinaceus_MTNR1C_ACRARU_R01347, Hippolais_icterina_MTNR1C_HIPICT_R00636, Node370, Node326, Setophaga_kirtlandii_MTNR1C_SETKIR_R09028, Spizella_passerina_MTNR1C_SPIPAS_R03292, Node380, Emberiza_fucata_MTNR1C_EMBFUC_R02535, Node379, Cardinalis_cardinalis_MTNR1C_CARCAR_R13236, Pheucticus_melanocephalus_MTNR1C_PHEMEL_R00796, Node385, Passerina_amoena_MTNR1C_PASAMO_R09319, Node384, Node378, Calcarius_ornatus_MTNR1C_CALORN_R07236, Node377, Quiscalus_mexicanus_MTNR1C_QUIMEX_R10392, Node376, Rhodinocichla_rosea_MTNR1C_RHOROS_R01657, Node375, Nesospiza_acunhae_MTNR1C_NESACU_R06799, Node374, Loxia_curvirostra_MTNR1C_LOXCUR_R05768, Loxia_leucoptera_MTNR1C_LOXLEU_R09732, Node393, Node373, Node325, Prunella_fulvescens_MTNR1C_PRUFUL_R04394, Prunella_himalayana_MTNR1C_PRUHIM_R03034, Node396, Node324, Motacilla_alba_MTNR1C_MOTALB_R02060, Node323, Hypocryptadius_cinnamomeus_MTNR1C_HYPCIN_R05032, Dicaeum_eximium_MTNR1C_DICEXI_R04528, Node400, Node322, Peucedramus_taeniatus_MTNR1C_PEUTAE_R06035, Irena_cyanogastra_MTNR1C_IRECYA_R03399, Node404, Panurus_biarmicus_MTNR1C_PANBIA_R00544, Nicator_chloris_MTNR1C_NICCHL_R00529, Node407, Node403, Node321, Ploceus_nigricollis_MTNR1C_PLONIG_R12343, Node320, Bombycilla_garrulus_MTNR1C_BOMGAR_R03312, Node319, Node251, Chaetops_frenatus_MTNR1C_CHAFRE_R08627, Notiomystis_cincta_MTNR1C_NOTCIN_R00649, Callaeas_wilsoni_MTNR1C_CALWIL_R07018, Node415, Drymodes_brunneopygia_MTNR1C_DRYBRU_R08824, Malurus_elegans_MTNR1C_MALELE_R01508, Node418, Node414, Node412, Node250, Ptilonorhynchus_violaceus_MTNR1C_PTIVIO_R08219, Climacteris_rufus_MTNR1C_CLIRUF_R04718, Node424, Mohoua_ochrocephala_MTNR1C_MOHOCH_R08330, Node423, Vireo_altiloquus_MTNR1C_VIRALT_R06153, Erpornis_zantholeuca_MTNR1C_ERPZAN_R11354, Node434, Pteruthius_melanotis_MTNR1C_PTEMEL_R00710, Eulacestoma_nigropectus_MTNR1C_EULNIG_R11246, Oreocharis_arfaki_MTNR1C_OREARF_R02050, Node439, Node437, Node433, Orthonyx_spaldingii_MTNR1C_ORTSPA_R11051, Rhipidura_dahli_MTNR1C_RHIDAH_R12436, Node442, Node432, Ifrita_kowaldi_MTNR1C_IFRKOW_R09145, Node431, Struthidea_cinerea_MTNR1C_STRCIN_R11259, Pachycephala_philippinensis_MTNR1C_PACPHI_R01748, Node448, Dicrurus_megarhynchus_MTNR1C_DICMEG_R06949, Node447, Aphelocoma_coerulescens_MTNR1C_APHCOE_R10643, Node446, Node430, Chaetorhynchus_papuensis_MTNR1C_CHAPAP_R08584, Myiagra_hebetior_MTNR1C_MYIHEB_R00567, Node453, Node429, Oriolus_oriolus_MTNR1C_ORIORI_R06546, Daphoenositta_chrysoptera_MTNR1C_DAPCHR_R11008, Node456, Node428, Node422, Machaerirhynchus_nigripectus_MTNR1C_MACNIG_R09389, Node421, Node249, Lanius_ludovicianus_MTNR1C_LANLUD_R00462, Edolisoma_coerulescens_MTNR1C_EDOCOE_R01170, Node460, Node248, Falcunculus_frontatus_MTNR1C_FALFRO_R03464, Aleadryas_rufinucha_MTNR1C_ALERUF_R10562, Node463, Node247, Node237, Menura_novaehollandiae_MTNR1C_MENNOV_R12878, Atrichornis_clamosus_MTNR1C_ATRCLA_R09824, Node466, Node236, Pitta_sordida_MTNR1C_PITSOR_R13760, Serilophus_lunatus_MTNR1C_SERLUN_R01904, Neodrepanis_coruscans_MTNR1C_NEOCOR_R05594, Node473, Node471, Calyptomena_viridis_MTNR1C_CALVIR_R03256, Smithornis_capensis_MTNR1C_SMICAP_R08790, Node477, Sapayoa_aenigma_MTNR1C_SAPAEN_R09291, Node476, Node470, Cephalopterus_ornatus_MTNR1C_CEPORN_R06221, Mionectes_macconnelli_MTNR1C_MIOMAC_R12085, Node487, Tyrannus_savana_MTNR1C_TYRSAV_R03428, Pachyramphus_minor_MTNR1C_PACMIN_R13680, Node491, Neopipo_cinnamomea_MTNR1C_NEOCIN_R06502, Node490, Node486, Tachuris_rubrigastra_MTNR1C_TACRUB_R04889, Node485, Piprites_chloris_MTNR1C_PIPCHL_R06854, Node484, Manacus_vitellinus_MTNR1C_N305_05451, Pitangus_sulphuratus_MTNR1C_BTVI_83250, Node497, Node483, Oxyruncus_cristatus_MTNR1C_OXYCRI_R07738, Onychorhynchus_coronatus_MTNR1C_ONYCOR_R00141, Node500, Node482, Grallaria_varia_MTNR1C_GRAVAR_R00214, Campylorhamphus_procurvoides_MTNR1C_CAMPRO_R08046, Xiphorhynchus_elegans_MTNR1C_XIPELE_R06815, Node509, Furnarius_figulus_MTNR1C_FURFIG_R12106, Node508, Sclerurus_mexicanus_MTNR1C_SCLMEX_R02034, Node507, Sakesphorus_luctuosus_MTNR1C_SAKLUC_R09460, Node506, Node504, Scytalopus_superciliaris_MTNR1C_SCYSUP_R12251, Node503, Node481, Node469, Node235, Acanthisitta_chloris_MTNR1C_103808916, Node234, Node54, Trogon_melanurus_MTNR1C_TROMEL_R06627, Eubucco_bourcierii_MTNR1C_EUBBOU_R11959, Ramphastos_sulfuratus_MTNR1C_RAMSUL_R04747, Node524, Semnornis_frantzii_MTNR1C_SEMFRA_R04702, Node523, Psilopogon_haemacephalus_MTNR1C_PSIHAE_R06903, Node522, Tricholaema_leucomelas_MTNR1C_TRILEU_R09004, Node521, Indicator_maculatus_MTNR1C_INDMAC_R13328, Node520, Node518, Upupa_epops_MTNR1C_UPUEPO_R05627, Rhinopomastus_cyanomelas_MTNR1C_RHICYA_R03705, Node531, Node517, Node53, Geococcyx_californianus_MTNR1C_GEOCAL_R07724, Crotophaga_sulcirostris_MTNR1C_CROSUL_R00386, Node537, Centropus_unirufus_MTNR1C_CENUNI_R10180, Centropus_bengalensis_MTNR1C_CENBEN_R13935, Node541, Piaya_cayana_MTNR1C_PIACAY_R01560, Ceuthmochares_aereus_MTNR1C_CEUAER_R02637, Node544, Node540, Node536, Circaetus_pectoralis_MTNR1C_CIRPEC_R10086, Haliaeetus_albicilla_MTNR1C_HALALB_R14947, Node549, Spizaetus_tyrannus_MTNR1C_SPITYR_R01288, Node548, Pandion_haliaetus_MTNR1C_PANHAL_R01092, Node547, Node535, Chunga_burmeisteri_MTNR1C_CHUBUR_R11754, Herpetotheres_cachinnans_MTNR1C_HERCAC_R05341, Node554, Node534, Node52, Merops_nubicus_MTNR1C_103779608, Brachypteracias_leptosomus_MTNR1C_BRALEP_R03096, Eurystomus_gularis_MTNR1C_EURGUL_R03289, Node560, Todus_mexicanus_MTNR1C_TODMEX_R00614, Chloroceryle_aenea_MTNR1C_CHLAEN_R03401, Ceyx_cyanopectus_MTNR1C_CEYCYA_R03376, Node567, Halcyon_senegalensis_MTNR1C_HALSEN_R03751, Node566, Baryphthengus_martii_MTNR1C_BARMAR_R05987, Node565, Node563, Node559, Node557, Node51, Node17, Oreotrochilus_melanogaster_MTNR1C_OREMEL_R08458, Node16, Node8, Chelonoidis_abingdonii_MTNR1C_116818509, Node7, Gekko_japonicus_MTNR1C_107115720, Node6`

>precision => standard


### Obtaining branch lengths and nucleotide substitution biases under the nucleotide GTR model

>kill-zero-lengths => Yes

### Deleted 41 zero-length internal branches: `Node110, Node112, Node114, Node118, Node142, Node148, Node149, Node150, Node156, Node158, Node168, Node170, Node207, Node219, Node239, Node247, Node249, Node253, Node254, Node265, Node295, Node320, Node323, Node328, Node334, Node428, Node430, Node431, Node439, Node446, Node456, Node497, Node51, Node52, Node53, Node55, Node56, Node57, Node67, Node82, Node99`
* Log(L) = -32426.47, AIC-c = 66015.60 (581 estimated parameters)
* 1 partition. Total tree length by partition (subs/site)  5.367

### Obtaining the global omega estimate based on relative GTR branch lengths and nucleotide substitution biases
* Log(L) = -29291.86, AIC-c = 59679.47 (547 estimated parameters)
* 1 partition. Total tree length by partition (subs/site)  5.684
* non-synonymous/synonymous rate ratio for *test* =   0.0826

>full-model => Yes

### Improving branch lengths, nucleotide substitution biases, and global dN/dS ratios under a full codon model
* Log(L) = -29121.52, AIC-c = 59338.78 (547 estimated parameters)
* 1 partition. Total tree length by partition (subs/site)  5.746
* non-synonymous/synonymous rate ratio for *test* =   0.0701

### For partition 1 these sites are significant at p <=0.1

|     Codon      |   Partition    |     alpha      |      beta      |      LRT       |Selection detected?|
|:--------------:|:--------------:|:--------------:|:--------------:|:--------------:|:-----------------:|
|       19       |       1        |      982.435   |        0.000   |        8.757   |  Neg. p = 0.0031  |
|       77       |       1        |        0.009   |        5.817   |        3.469   |  Pos. p = 0.0625  |
|      142       |       1        |        4.165   |        1.845   |        3.184   |  Neg. p = 0.0743  |
|      145       |       1        |        0.753   |        0.123   |        2.957   |  Neg. p = 0.0855  |
|      146       |       1        |        5.494   |        0.959   |       11.919   |  Neg. p = 0.0006  |
|      147       |       1        |        0.000   |        2.442   |       15.619   |  Pos. p = 0.0001  |
|      226       |       1        |        0.000   |        0.713   |        5.811   |  Pos. p = 0.0159  |
|      227       |       1        |       99.520   |        0.209   |        4.470   |  Neg. p = 0.0345  |
|      239       |       1        |        1.160   |        0.000   |        3.569   |  Neg. p = 0.0589  |
|      270       |       1        |        5.039   |        0.000   |        5.629   |  Neg. p = 0.0177  |
|      274       |       1        |        1.941   |        0.000   |        3.394   |  Neg. p = 0.0654  |
|      276       |       1        |        2.447   |        0.000   |        3.817   |  Neg. p = 0.0507  |
|      282       |       1        |        2.037   |        0.000   |        2.841   |  Neg. p = 0.0919  |
|      286       |       1        |     1090.385   |        0.107   |       10.096   |  Neg. p = 0.0015  |
|      291       |       1        |       25.195   |        0.000   |        4.803   |  Neg. p = 0.0284  |
|      292       |       1        |        0.000   |        2.790   |        3.192   |  Pos. p = 0.0740  |
|      376       |       1        |        3.542   |        0.376   |        3.345   |  Neg. p = 0.0674  |
|      377       |       1        |        0.684   |        0.000   |        3.635   |  Neg. p = 0.0566  |
|      378       |       1        |        4.900   |        0.000   |       14.853   |  Neg. p = 0.0001  |
|      381       |       1        |        1.317   |        0.176   |        3.053   |  Neg. p = 0.0806  |
|      382       |       1        |        0.662   |        0.000   |        3.283   |  Neg. p = 0.0700  |
|      385       |       1        |        0.849   |        0.000   |        3.674   |  Neg. p = 0.0553  |
|      388       |       1        |        0.731   |        0.000   |        4.036   |  Neg. p = 0.0445  |
|      392       |       1        |        0.586   |        0.000   |        3.435   |  Neg. p = 0.0638  |
|      407       |       1        |        0.586   |        0.000   |        3.435   |  Neg. p = 0.0638  |
|      395       |       1        |        1.231   |        0.000   |        6.174   |  Neg. p = 0.0130  |
|      396       |       1        |        0.458   |        0.000   |        2.807   |  Neg. p = 0.0939  |
|      398       |       1        |      190.335   |        0.000   |       18.176   |  Neg. p = 0.0000  |
|      399       |       1        |        0.971   |        0.000   |        5.601   |  Neg. p = 0.0180  |
|      400       |       1        |        0.493   |        0.000   |        2.823   |  Neg. p = 0.0929  |
|      403       |       1        |    10000.000   |        0.119   |        8.589   |  Neg. p = 0.0034  |
|      408       |       1        |        0.331   |        0.000   |        2.838   |  Neg. p = 0.0921  |
|      463       |       1        |        0.000   |        1.455   |        4.169   |  Pos. p = 0.0412  |
|      556       |       1        |        0.864   |        0.000   |       20.845   |  Neg. p = 0.0000  |
|      694       |       1        |        5.571   |        1.663   |       11.663   |  Neg. p = 0.0006  |
|      697       |       1        |        1.667   |        0.256   |        8.064   |  Neg. p = 0.0045  |
|      699       |       1        |        3.847   |        1.667   |        4.186   |  Neg. p = 0.0408  |
|      700       |       1        |        0.000   |        0.935   |        7.999   |  Pos. p = 0.0047  |
|      718       |       1        |        0.000   |        1.565   |       18.775   |  Pos. p = 0.0000  |
|      833       |       1        |        0.557   |        0.000   |        8.400   |  Neg. p = 0.0038  |
|      834       |       1        |        1.213   |        0.000   |       35.528   |  Neg. p = 0.0000  |
|      836       |       1        |        0.606   |        0.000   |       17.915   |  Neg. p = 0.0000  |
|      837       |       1        |        2.251   |        0.000   |       72.154   |  Neg. p = 0.0000  |
|      838       |       1        |        0.330   |        0.000   |       11.892   |  Neg. p = 0.0006  |
|      839       |       1        |        1.033   |        0.000   |       36.172   |  Neg. p = 0.0000  |
|      840       |       1        |        0.714   |        0.000   |       18.055   |  Neg. p = 0.0000  |
|      841       |       1        |        2.142   |        0.000   |       71.155   |  Neg. p = 0.0000  |
|      842       |       1        |        3.294   |        0.176   |       71.144   |  Neg. p = 0.0000  |
|      843       |       1        |        0.643   |        0.000   |       30.614   |  Neg. p = 0.0000  |
|      844       |       1        |        0.463   |        0.000   |       14.775   |  Neg. p = 0.0001  |
|      845       |       1        |        2.214   |        0.000   |       68.255   |  Neg. p = 0.0000  |
|      846       |       1        |        0.765   |        0.000   |       29.487   |  Neg. p = 0.0000  |
|      847       |       1        |        1.179   |        0.000   |       41.517   |  Neg. p = 0.0000  |
|      848       |       1        |        2.802   |        0.000   |      117.141   |  Neg. p = 0.0000  |
|      849       |       1        |        0.418   |        0.120   |        3.792   |  Neg. p = 0.0515  |
|      850       |       1        |        0.670   |        0.000   |       19.604   |  Neg. p = 0.0000  |
|      851       |       1        |        3.181   |        0.000   |      121.579   |  Neg. p = 0.0000  |
|      852       |       1        |        1.614   |        0.000   |       38.096   |  Neg. p = 0.0000  |
|      853       |       1        |        1.126   |        0.000   |       43.675   |  Neg. p = 0.0000  |
|      854       |       1        |        0.317   |        0.096   |        2.750   |  Neg. p = 0.0973  |
|      855       |       1        |        0.593   |        0.000   |       17.762   |  Neg. p = 0.0000  |
|      856       |       1        |        2.044   |        0.000   |       52.712   |  Neg. p = 0.0000  |
|      857       |       1        |        0.775   |        0.045   |       18.291   |  Neg. p = 0.0000  |
|      858       |       1        |        0.745   |        0.000   |       30.745   |  Neg. p = 0.0000  |
|      859       |       1        |        0.231   |        0.000   |        7.591   |  Neg. p = 0.0059  |
|      860       |       1        |        0.352   |        0.066   |        3.298   |  Neg. p = 0.0694  |
|      861       |       1        |        1.504   |        0.025   |       40.072   |  Neg. p = 0.0000  |
|      862       |       1        |        1.389   |        0.102   |       27.378   |  Neg. p = 0.0000  |
|      863       |       1        |        0.961   |        0.023   |       36.498   |  Neg. p = 0.0000  |
|      865       |       1        |        0.809   |        0.024   |       24.987   |  Neg. p = 0.0000  |
|      867       |       1        |        0.800   |        0.000   |       35.927   |  Neg. p = 0.0000  |
|      868       |       1        |        3.564   |        0.125   |       77.467   |  Neg. p = 0.0000  |
|      870       |       1        |        1.116   |        0.000   |       31.994   |  Neg. p = 0.0000  |
|      871       |       1        |        0.736   |        0.000   |       21.016   |  Neg. p = 0.0000  |
|      872       |       1        |        0.466   |        0.000   |       12.733   |  Neg. p = 0.0004  |
|      873       |       1        |        2.547   |        0.244   |       31.331   |  Neg. p = 0.0000  |
|      874       |       1        |        5.111   |        0.000   |      147.410   |  Neg. p = 0.0000  |
|      875       |       1        |        1.395   |        0.000   |       58.891   |  Neg. p = 0.0000  |
|      876       |       1        |        0.896   |        0.000   |       21.925   |  Neg. p = 0.0000  |
|      877       |       1        |        0.391   |        0.000   |       11.825   |  Neg. p = 0.0006  |
|      879       |       1        |        1.081   |        0.000   |       42.992   |  Neg. p = 0.0000  |
|      880       |       1        |        1.367   |        0.154   |       20.193   |  Neg. p = 0.0000  |
|      881       |       1        |        2.483   |        0.000   |       84.497   |  Neg. p = 0.0000  |
|      882       |       1        |        0.404   |        0.000   |       14.455   |  Neg. p = 0.0001  |
|      883       |       1        |        6.005   |        0.000   |      141.472   |  Neg. p = 0.0000  |
|      884       |       1        |        1.156   |        0.000   |       48.468   |  Neg. p = 0.0000  |
|      885       |       1        |        0.699   |        0.000   |       24.140   |  Neg. p = 0.0000  |
|      886       |       1        |        0.576   |        0.030   |       13.531   |  Neg. p = 0.0002  |
|      887       |       1        |        0.935   |        0.000   |       22.180   |  Neg. p = 0.0000  |
|      888       |       1        |        1.046   |        0.000   |       29.333   |  Neg. p = 0.0000  |
|      889       |       1        |        0.477   |        0.000   |       14.467   |  Neg. p = 0.0001  |
|      890       |       1        |        2.886   |        0.000   |      107.296   |  Neg. p = 0.0000  |
|      891       |       1        |        3.986   |        0.088   |      118.381   |  Neg. p = 0.0000  |
|      892       |       1        |        4.515   |        0.000   |      116.383   |  Neg. p = 0.0000  |
|      893       |       1        |        1.491   |        0.000   |       66.688   |  Neg. p = 0.0000  |
|      894       |       1        |        0.207   |        0.029   |        2.817   |  Neg. p = 0.0933  |
|      895       |       1        |        0.500   |        0.000   |       14.697   |  Neg. p = 0.0001  |
|      896       |       1        |        0.478   |        0.000   |       17.327   |  Neg. p = 0.0000  |
|      897       |       1        |        0.720   |        0.000   |       17.768   |  Neg. p = 0.0000  |
|      898       |       1        |        0.366   |        0.000   |       10.545   |  Neg. p = 0.0012  |
|      899       |       1        |        0.991   |        0.000   |       24.256   |  Neg. p = 0.0000  |
|      900       |       1        |        0.369   |        0.000   |       11.416   |  Neg. p = 0.0007  |
|      901       |       1        |        0.350   |        0.000   |       10.291   |  Neg. p = 0.0013  |
|      902       |       1        |        0.607   |        0.000   |       17.817   |  Neg. p = 0.0000  |
|      903       |       1        |        0.247   |        0.000   |        7.789   |  Neg. p = 0.0053  |
|      904       |       1        |        1.436   |        0.000   |       44.717   |  Neg. p = 0.0000  |
|      905       |       1        |        1.268   |        0.314   |       14.552   |  Neg. p = 0.0001  |
|      906       |       1        |        4.914   |        0.000   |      101.201   |  Neg. p = 0.0000  |
|      907       |       1        |        2.473   |        0.066   |       62.370   |  Neg. p = 0.0000  |
|      908       |       1        |        1.099   |        0.098   |       18.304   |  Neg. p = 0.0000  |
|      909       |       1        |        0.606   |        0.000   |       19.588   |  Neg. p = 0.0000  |
|      910       |       1        |        0.776   |        0.068   |       10.842   |  Neg. p = 0.0010  |
|      911       |       1        |        0.474   |        0.000   |       14.275   |  Neg. p = 0.0002  |
|      912       |       1        |        0.463   |        0.150   |        3.609   |  Neg. p = 0.0575  |
|      913       |       1        |        0.200   |        0.024   |        3.102   |  Neg. p = 0.0782  |
|      914       |       1        |        0.752   |        0.023   |       16.365   |  Neg. p = 0.0001  |
|      915       |       1        |        0.795   |        0.000   |       29.840   |  Neg. p = 0.0000  |
|      916       |       1        |        0.045   |        0.423   |        2.867   |  Pos. p = 0.0904  |
|      917       |       1        |        0.249   |        0.026   |        3.657   |  Neg. p = 0.0558  |
|      918       |       1        |        1.172   |        0.000   |       33.869   |  Neg. p = 0.0000  |
|      919       |       1        |        0.766   |        0.102   |       12.170   |  Neg. p = 0.0005  |
|      920       |       1        |        1.134   |        0.026   |       25.471   |  Neg. p = 0.0000  |
|      921       |       1        |        1.282   |        0.099   |       24.133   |  Neg. p = 0.0000  |
|      922       |       1        |        1.424   |        0.000   |       52.936   |  Neg. p = 0.0000  |
|      924       |       1        |        2.637   |        0.971   |       10.216   |  Neg. p = 0.0014  |
|      925       |       1        |        0.489   |        0.000   |       15.963   |  Neg. p = 0.0001  |
|      926       |       1        |        3.073   |        0.000   |      114.698   |  Neg. p = 0.0000  |
|      927       |       1        |        0.411   |        0.119   |        3.831   |  Neg. p = 0.0503  |
|      928       |       1        |        0.417   |        0.062   |        6.673   |  Neg. p = 0.0098  |
|      929       |       1        |        1.108   |        0.000   |       50.344   |  Neg. p = 0.0000  |
|      930       |       1        |        1.750   |        0.000   |       53.689   |  Neg. p = 0.0000  |
|      932       |       1        |        1.172   |        0.000   |       49.573   |  Neg. p = 0.0000  |
|      933       |       1        |        0.857   |        0.024   |       19.299   |  Neg. p = 0.0000  |
|      934       |       1        |        0.936   |        0.134   |       10.315   |  Neg. p = 0.0013  |
|      935       |       1        |        4.999   |        0.000   |      113.669   |  Neg. p = 0.0000  |
|      936       |       1        |        1.670   |        0.029   |       49.386   |  Neg. p = 0.0000  |
|      937       |       1        |        1.051   |        0.000   |       42.250   |  Neg. p = 0.0000  |
|      938       |       1        |        0.836   |        0.000   |       28.933   |  Neg. p = 0.0000  |
|      939       |       1        |        0.953   |        0.000   |       25.847   |  Neg. p = 0.0000  |
|      940       |       1        |        1.920   |        0.063   |       33.079   |  Neg. p = 0.0000  |
|      941       |       1        |        2.399   |        0.000   |       61.486   |  Neg. p = 0.0000  |
|      942       |       1        |        1.727   |        0.000   |       49.862   |  Neg. p = 0.0000  |
|      943       |       1        |        1.611   |        0.025   |       50.471   |  Neg. p = 0.0000  |
|      944       |       1        |        0.284   |        0.000   |       12.210   |  Neg. p = 0.0005  |
|      945       |       1        |        0.336   |        0.000   |       11.606   |  Neg. p = 0.0007  |
|      946       |       1        |        0.727   |        0.070   |        9.556   |  Neg. p = 0.0020  |
|      947       |       1        |        1.740   |        0.000   |       56.881   |  Neg. p = 0.0000  |
|      948       |       1        |        0.651   |        0.000   |       17.990   |  Neg. p = 0.0000  |
|      949       |       1        |        0.383   |        0.000   |       14.645   |  Neg. p = 0.0001  |
|      950       |       1        |        0.546   |        0.000   |       15.917   |  Neg. p = 0.0001  |
|      951       |       1        |        1.494   |        0.043   |       45.685   |  Neg. p = 0.0000  |
|      952       |       1        |        0.440   |        0.000   |       12.217   |  Neg. p = 0.0005  |
|      953       |       1        |        3.127   |        0.000   |      114.053   |  Neg. p = 0.0000  |
|      954       |       1        |        0.559   |        0.028   |       14.886   |  Neg. p = 0.0001  |
|      955       |       1        |        0.800   |        0.000   |       29.028   |  Neg. p = 0.0000  |
|      956       |       1        |        2.480   |        0.102   |       71.028   |  Neg. p = 0.0000  |
|      957       |       1        |        2.851   |        0.000   |       87.538   |  Neg. p = 0.0000  |
|      958       |       1        |        0.353   |        0.000   |        8.836   |  Neg. p = 0.0030  |
|      959       |       1        |        0.552   |        0.000   |       21.291   |  Neg. p = 0.0000  |
|      960       |       1        |        0.493   |        0.027   |       10.075   |  Neg. p = 0.0015  |
|      961       |       1        |        2.385   |        0.196   |       55.817   |  Neg. p = 0.0000  |
|      962       |       1        |        0.401   |        0.000   |       15.358   |  Neg. p = 0.0001  |
|      963       |       1        |        0.429   |        0.000   |       15.865   |  Neg. p = 0.0001  |
|      964       |       1        |        0.701   |        0.028   |       19.427   |  Neg. p = 0.0000  |
|      965       |       1        |        0.572   |        0.028   |       15.057   |  Neg. p = 0.0001  |
|      966       |       1        |        0.446   |        0.000   |       13.749   |  Neg. p = 0.0002  |
|      967       |       1        |        0.828   |        0.000   |       20.832   |  Neg. p = 0.0000  |
|      968       |       1        |        4.868   |        0.058   |      104.479   |  Neg. p = 0.0000  |
|      969       |       1        |        0.997   |        0.085   |       20.628   |  Neg. p = 0.0000  |
|      970       |       1        |        3.530   |        0.000   |      132.273   |  Neg. p = 0.0000  |
|      971       |       1        |        1.290   |        0.000   |       38.153   |  Neg. p = 0.0000  |
|      972       |       1        |        2.115   |        0.160   |       41.871   |  Neg. p = 0.0000  |
|      973       |       1        |        4.925   |        0.145   |      102.460   |  Neg. p = 0.0000  |
|      974       |       1        |        0.473   |        0.000   |       17.828   |  Neg. p = 0.0000  |
|      975       |       1        |        3.905   |        0.049   |      120.602   |  Neg. p = 0.0000  |
|      976       |       1        |        1.389   |        0.000   |       38.580   |  Neg. p = 0.0000  |
|      977       |       1        |        1.102   |        0.000   |       29.565   |  Neg. p = 0.0000  |
|      978       |       1        |        0.493   |        0.000   |       11.944   |  Neg. p = 0.0005  |
|      979       |       1        |        1.285   |        0.051   |       28.405   |  Neg. p = 0.0000  |
|      980       |       1        |        1.272   |        0.000   |       50.324   |  Neg. p = 0.0000  |
|      981       |       1        |        0.401   |        0.000   |       12.043   |  Neg. p = 0.0005  |
|      984       |       1        |        0.625   |        0.000   |       17.178   |  Neg. p = 0.0000  |
|      985       |       1        |        0.728   |        0.000   |       26.912   |  Neg. p = 0.0000  |
|      986       |       1        |        0.808   |        0.060   |       16.819   |  Neg. p = 0.0000  |
|      987       |       1        |        2.286   |        0.000   |       67.036   |  Neg. p = 0.0000  |
|      988       |       1        |        0.689   |        0.000   |       24.178   |  Neg. p = 0.0000  |
|      989       |       1        |        1.439   |        0.000   |       50.701   |  Neg. p = 0.0000  |
|      990       |       1        |        0.753   |        0.145   |        7.042   |  Neg. p = 0.0080  |
|      991       |       1        |        1.043   |        0.000   |       42.822   |  Neg. p = 0.0000  |
|      992       |       1        |        0.735   |        0.000   |       27.015   |  Neg. p = 0.0000  |
|      993       |       1        |        0.780   |        0.000   |       32.975   |  Neg. p = 0.0000  |
|      994       |       1        |        1.041   |        0.063   |       22.311   |  Neg. p = 0.0000  |
|      995       |       1        |        0.596   |        0.021   |       13.419   |  Neg. p = 0.0002  |
|      997       |       1        |        0.662   |        0.048   |       12.006   |  Neg. p = 0.0005  |
|      998       |       1        |        0.207   |        0.000   |        5.918   |  Neg. p = 0.0150  |
|      999       |       1        |        1.449   |        0.073   |       30.922   |  Neg. p = 0.0000  |
|      1001      |       1        |        0.967   |        0.046   |       28.091   |  Neg. p = 0.0000  |
|      1002      |       1        |        0.734   |        0.114   |       15.323   |  Neg. p = 0.0001  |
|      1003      |       1        |        1.693   |        0.112   |       43.595   |  Neg. p = 0.0000  |
|      1004      |       1        |        1.517   |        0.000   |       42.998   |  Neg. p = 0.0000  |
|      1005      |       1        |        1.630   |        0.229   |       19.533   |  Neg. p = 0.0000  |
|      1006      |       1        |        0.588   |        0.000   |       23.986   |  Neg. p = 0.0000  |
|      1007      |       1        |        0.458   |        0.024   |       10.515   |  Neg. p = 0.0012  |
|      1008      |       1        |        0.899   |        0.000   |       22.284   |  Neg. p = 0.0000  |
|      1009      |       1        |        0.288   |        0.000   |        8.128   |  Neg. p = 0.0044  |
|      1010      |       1        |        0.886   |        0.000   |       35.448   |  Neg. p = 0.0000  |
|      1013      |       1        |        0.478   |        0.000   |       17.853   |  Neg. p = 0.0000  |
|      1014      |       1        |        0.211   |        0.000   |        7.561   |  Neg. p = 0.0060  |
|      1015      |       1        |        0.219   |        0.000   |        6.628   |  Neg. p = 0.0100  |
|      1016      |       1        |        0.624   |        0.000   |       21.942   |  Neg. p = 0.0000  |
|      1017      |       1        |        0.534   |        0.000   |       18.201   |  Neg. p = 0.0000  |
|      1018      |       1        |        3.256   |        0.000   |       78.213   |  Neg. p = 0.0000  |
|      1019      |       1        |        1.032   |        0.000   |       43.287   |  Neg. p = 0.0000  |
|      1020      |       1        |        0.659   |        0.000   |       24.060   |  Neg. p = 0.0000  |
|      1021      |       1        |        0.899   |        0.000   |       25.043   |  Neg. p = 0.0000  |
|      1023      |       1        |        0.378   |        0.023   |       12.392   |  Neg. p = 0.0004  |
|      1024      |       1        |        1.799   |        0.000   |       73.556   |  Neg. p = 0.0000  |
|      1025      |       1        |        0.397   |        0.000   |       10.806   |  Neg. p = 0.0010  |
|      1026      |       1        |        0.364   |        0.000   |       10.811   |  Neg. p = 0.0010  |
|      1027      |       1        |        0.553   |        0.000   |       16.083   |  Neg. p = 0.0001  |
|      1028      |       1        |        0.282   |        0.000   |        9.542   |  Neg. p = 0.0020  |
|      1029      |       1        |        0.333   |        0.000   |       14.051   |  Neg. p = 0.0002  |
|      1030      |       1        |        1.116   |        0.000   |       35.984   |  Neg. p = 0.0000  |
|      1031      |       1        |        0.765   |        0.000   |       32.403   |  Neg. p = 0.0000  |
|      1032      |       1        |        0.180   |        0.000   |        6.785   |  Neg. p = 0.0092  |
|      1033      |       1        |        2.514   |        0.033   |       72.172   |  Neg. p = 0.0000  |
|      1034      |       1        |        0.207   |        0.000   |        7.089   |  Neg. p = 0.0078  |
|      1035      |       1        |        0.473   |        0.025   |       11.703   |  Neg. p = 0.0006  |
|      1036      |       1        |        0.117   |        0.000   |        4.887   |  Neg. p = 0.0271  |
|      1037      |       1        |        0.674   |        0.109   |       10.293   |  Neg. p = 0.0013  |
|      1039      |       1        |        0.713   |        0.029   |       20.250   |  Neg. p = 0.0000  |
|      1040      |       1        |        0.657   |        0.152   |        5.779   |  Neg. p = 0.0162  |
|      1041      |       1        |        0.689   |        0.000   |       30.538   |  Neg. p = 0.0000  |
|      1042      |       1        |        0.905   |        0.098   |       12.281   |  Neg. p = 0.0005  |
|      1044      |       1        |        0.615   |        0.000   |       27.641   |  Neg. p = 0.0000  |
|      1045      |       1        |        0.643   |        0.023   |       19.216   |  Neg. p = 0.0000  |
|      1047      |       1        |        0.359   |        0.104   |        3.275   |  Neg. p = 0.0703  |
|      1048      |       1        |        1.245   |        0.036   |       27.955   |  Neg. p = 0.0000  |
|      1049      |       1        |        0.444   |        0.057   |        7.575   |  Neg. p = 0.0059  |
|      1050      |       1        |        0.746   |        0.052   |       14.930   |  Neg. p = 0.0001  |
|      1051      |       1        |        0.773   |        0.000   |       23.974   |  Neg. p = 0.0000  |
|      1052      |       1        |        0.735   |        0.000   |       21.577   |  Neg. p = 0.0000  |
|      1053      |       1        |        0.157   |        0.000   |        4.652   |  Neg. p = 0.0310  |
|      1055      |       1        |        0.769   |        0.000   |       31.260   |  Neg. p = 0.0000  |
|      1056      |       1        |        0.483   |        0.000   |       14.320   |  Neg. p = 0.0002  |
|      1057      |       1        |        0.146   |        0.000   |        4.412   |  Neg. p = 0.0357  |
|      1058      |       1        |        0.354   |        0.000   |       10.650   |  Neg. p = 0.0011  |
|      1059      |       1        |        0.352   |        0.021   |        7.137   |  Neg. p = 0.0076  |
|      1060      |       1        |        0.754   |        0.000   |       21.384   |  Neg. p = 0.0000  |
|      1061      |       1        |        0.395   |        0.000   |       12.960   |  Neg. p = 0.0003  |
|      1062      |       1        |        1.182   |        0.000   |       39.979   |  Neg. p = 0.0000  |
|      1063      |       1        |        0.627   |        0.021   |       20.735   |  Neg. p = 0.0000  |
|      1064      |       1        |        0.633   |        0.058   |       13.545   |  Neg. p = 0.0002  |
|      1065      |       1        |        0.400   |        0.000   |       12.008   |  Neg. p = 0.0005  |
|      1066      |       1        |        1.455   |        0.000   |       41.260   |  Neg. p = 0.0000  |
|      1067      |       1        |        0.596   |        0.000   |       26.355   |  Neg. p = 0.0000  |
|      1068      |       1        |        0.919   |        0.069   |       19.462   |  Neg. p = 0.0000  |
|      1069      |       1        |        0.907   |        0.000   |       29.215   |  Neg. p = 0.0000  |
|      1070      |       1        |        1.212   |        0.000   |       35.009   |  Neg. p = 0.0000  |
|      1071      |       1        |        0.304   |        0.000   |        8.721   |  Neg. p = 0.0031  |
|      1072      |       1        |        0.537   |        0.000   |       18.656   |  Neg. p = 0.0000  |
|      1073      |       1        |        0.499   |        0.000   |       13.587   |  Neg. p = 0.0002  |
|      1074      |       1        |        1.308   |        0.000   |       51.708   |  Neg. p = 0.0000  |
|      1076      |       1        |        2.030   |        0.000   |       64.781   |  Neg. p = 0.0000  |
|      1077      |       1        |        0.113   |        0.000   |        2.918   |  Neg. p = 0.0876  |
|      1079      |       1        |        0.463   |        0.044   |       10.001   |  Neg. p = 0.0016  |
|      1080      |       1        |        0.742   |        0.000   |       20.338   |  Neg. p = 0.0000  |
|      1081      |       1        |        0.437   |        0.000   |       12.497   |  Neg. p = 0.0004  |
|      1083      |       1        |        1.366   |        0.159   |       27.390   |  Neg. p = 0.0000  |
|      1084      |       1        |        0.703   |        0.000   |       21.949   |  Neg. p = 0.0000  |
|      1085      |       1        |        0.714   |        0.226   |        4.258   |  Neg. p = 0.0391  |
|      1087      |       1        |        0.701   |        0.000   |       26.913   |  Neg. p = 0.0000  |
|      1088      |       1        |        0.902   |        0.043   |       23.508   |  Neg. p = 0.0000  |
|      1089      |       1        |        1.402   |        0.098   |       25.991   |  Neg. p = 0.0000  |
|      1090      |       1        |        0.924   |        0.000   |       26.721   |  Neg. p = 0.0000  |
|      1091      |       1        |        0.474   |        0.000   |       12.088   |  Neg. p = 0.0005  |
|      1092      |       1        |        3.258   |        0.343   |       44.954   |  Neg. p = 0.0000  |
|      1093      |       1        |        1.096   |        0.000   |       40.061   |  Neg. p = 0.0000  |
|      1095      |       1        |        0.561   |        0.000   |       19.536   |  Neg. p = 0.0000  |
|      1096      |       1        |        0.836   |        0.098   |       12.264   |  Neg. p = 0.0005  |
|      1097      |       1        |        2.073   |        0.086   |       59.434   |  Neg. p = 0.0000  |
|      1098      |       1        |        0.346   |        0.021   |       10.376   |  Neg. p = 0.0013  |
|      1099      |       1        |        0.595   |        0.000   |       26.339   |  Neg. p = 0.0000  |
|      1100      |       1        |        0.787   |        0.137   |       11.119   |  Neg. p = 0.0009  |
|      1101      |       1        |        0.620   |        0.022   |       21.523   |  Neg. p = 0.0000  |
|      1103      |       1        |        0.260   |        0.000   |       10.218   |  Neg. p = 0.0014  |
|      1104      |       1        |        0.513   |        0.062   |        7.045   |  Neg. p = 0.0079  |
|      1105      |       1        |        1.971   |        0.000   |       56.134   |  Neg. p = 0.0000  |
|      1106      |       1        |        0.952   |        0.051   |       25.364   |  Neg. p = 0.0000  |
|      1107      |       1        |        0.477   |        0.000   |       17.828   |  Neg. p = 0.0000  |
|      1108      |       1        |        0.225   |        0.049   |        3.794   |  Neg. p = 0.0514  |
|      1109      |       1        |        2.401   |        0.089   |       64.981   |  Neg. p = 0.0000  |
|      1110      |       1        |        0.879   |        0.427   |        3.247   |  Neg. p = 0.0715  |
|      1111      |       1        |        0.438   |        0.000   |       19.671   |  Neg. p = 0.0000  |
|      1113      |       1        |        0.339   |        0.000   |        7.075   |  Neg. p = 0.0078  |
|      1115      |       1        |        0.578   |        0.000   |       14.208   |  Neg. p = 0.0002  |
|      1116      |       1        |        0.534   |        0.027   |        9.525   |  Neg. p = 0.0020  |
|      1118      |       1        |      190.335   |        0.000   |        4.811   |  Neg. p = 0.0283  |
|      1120      |       1        |        2.709   |        0.141   |       52.964   |  Neg. p = 0.0000  |
|      1121      |       1        |        0.622   |        0.065   |       14.463   |  Neg. p = 0.0001  |
|      1124      |       1        |        0.608   |        0.089   |        6.343   |  Neg. p = 0.0118  |
|      1185      |       1        |        1.245   |        0.149   |       16.465   |  Neg. p = 0.0000  |
|      1186      |       1        |        0.605   |        0.219   |        3.798   |  Neg. p = 0.0513  |

### ** Found _8_ sites under pervasive positive diversifying and _295_ sites under negative selection at p <= 0.1**
